ARM Linker, 5.03 [Build 24] [MDK-ARM Standard]

==============================================================================

Section Cross References

    boot_vectors.o(RESET) refers to boot_vectors.o(STACK) for __initial_sp
    boot_vectors.o(RESET) refers to boot_vectors.o(.text) for Reset_Handler
    boot_vectors.o(RESET) refers to rwble.o(.text) for BLE_WAKEUP_LP_Handler
    boot_vectors.o(RESET) refers to pwm.o(.text) for SWTIM_Handler
    boot_vectors.o(RESET) refers to wkupct_quadec.o(.text) for WKUP_QUADEC_Handler
    boot_vectors.o(RESET) refers to gpio.o(.text) for GPIO0_Handler
    boot_vectors.o(.text) refers to system_armcm0.o(.text) for SystemInit
    boot_vectors.o(.text) refers to entry.o(.ARM.Collect$$$$00000000) for __main
    boot_vectors.o(.text) refers to nmi_handler.o(.text) for NMI_HandlerC
    boot_vectors.o(.text) refers to hardfault_handler.o(.text) for HardFault_HandlerC
    boot_vectors.o(.text) refers to arch_patch.o(.text) for SVC_Handler_c
    nvds.o(.text) refers to nvds.o(retention_mem_area0) for retention_mem_area0
    arch_main.o(.text) refers to arch_system.o(.text) for system_init
    arch_main.o(.text) refers to da14580_examples.o(.text) for lid3dh_main
    arch_main.o(.constdata) refers to app_default_handlers.o(.text) for default_app_on_init
    jump_table.o(jump_table_mem_area) refers to arch_main.o(.text) for main_func
    jump_table.o(jump_table_mem_area) refers to rf_580.o(.text) for rf_init_func
    jump_table.o(jump_table_mem_area) refers to prf_utils.o(.text) for prf_init_func
    jump_table.o(jump_table_mem_area) refers to arch_system.o(.text) for uart_flow_off_func
    jump_table.o(jump_table_mem_area) refers to rwble.o(.text) for lld_sleep_compensate_func_patched
    jump_table.o(jump_table_mem_area) refers to jump_table.o(heap_mem_area_not_ret) for rwip_heap_non_ret
    jump_table.o(jump_table_mem_area) refers to jump_table.o(heap_env_area) for rwip_heap_env_ret
    jump_table.o(jump_table_mem_area) refers to jump_table.o(heap_db_area) for rwip_heap_db_ret
    jump_table.o(jump_table_mem_area) refers to jump_table.o(heap_msg_area) for rwip_heap_msg_ret
    jump_table.o(jump_table_mem_area) refers to ke_task.obj(.text) for ke_task_init_func
    jump_table.o(jump_table_mem_area) refers to nvds.o(.text) for custom_nvds_get_func
    jump_table.o(jump_table_mem_area) refers to jump_table.o(.constdata) for LUT_CFG
    arch_sleep.o(.text) refers to arch_sleep.o(retention_mem_area0) for retention_mem_area0
    arch_sleep.o(.text) refers to arch_sleep.o(.text) for arch_set_deep_sleep
    arch_sleep.o(.text) refers to arch_sleep.o(retention_mem_area0) for retention_mem_area0
    arch_sleep.o(.text) refers to arch_sleep.o(.text) for arch_get_sleep_mode
    arch_sleep.o(.text) refers to arch_sleep.o(retention_mem_area0) for retention_mem_area0
    arch_sleep.o(.text) refers to rwble.o(retention_mem_area0) for arch_rwble_last_event
    arch_system.o(.text) refers to arch_system.o(retention_mem_area0) for retention_mem_area0
    arch_system.o(.text) refers to trng.o(.text) for trng_acquire
    arch_system.o(.text) refers to arch_sleep.o(.text) for arch_get_sleep_mode
    arch_system.o(.text) refers to gpio.o(.text) for GPIO_init
    arch_system.o(.text) refers to nvds.o(.text) for nvds_read_bdaddr_from_otp
    arch_system.o(.text) refers to user_periph_setup.o(.text) for periph_init
    arch_system.o(.text) refers to rf_580.o(.text) for iq_trim_from_otp
    arch_system.o(.text) refers to arch_patch.o(.text) for patch_llm_task
    arch_system.o(.text) refers to llc.obj(.text) for patch_llc_task
    arch_system.o(.text) refers to app.o(.text) for app_init
    arch_system.o(.text) refers to app_default_handlers.o(.text) for default_app_on_init
    arch_system.o(.text) refers to arch_system.o(retention_mem_area0) for retention_mem_area0
    arch_system.o(.text) refers to arch_main.o(retention_mem_area0) for sys_startup_flag
    arch_system.o(.text) refers to arch_system.o(.data) for .data
    arch_system.o(.constdata) refers to app_default_handlers.o(.text) for default_app_on_init
    arch_patch.o(.text) refers to arch_patch.o(.constdata) for .constdata
    arch_patch.o(.constdata) refers to arch_patch.o(.text) for my_lld_data_ind_handler
    arch_patch.o(.constdata) refers to arch_patch.o(.constdata) for my_llm_default_state
    arch_patch.o(.constdata) refers to arch_patch.o(.constdata) for my_llm_default_handler
    arch_patch.o(.constdata) refers to arch_patch.o(.text) for cmp_abs_time
    arch_patch.o(.constdata) refers to atts_task.obj(.text) for l2cc_pdu_recv_ind_handler
    arch_patch.o(.constdata) refers to smpc.obj(.text) for smpc_send_pairing_req_ind
    arch_patch.o(.constdata) refers to smpc_task.obj(.text) for smpc_pairing_cfm_handler
    arch_patch.o(.constdata) refers to ch_map.obj(.text) for my_llc_con_update_req_ind
    arch_patch.o(.constdata) refers to gapm_util.obj(.text) for patched_gapm_adv_op_sanity
[...]
    conditionally_run_radio_cals             0x200008d3   Thumb Code   110  arch_system.o(.text)
    lld_sleep_us_2_lpcycles_sel_func         0x20000941   Thumb Code    10  arch_system.o(.text)
    lld_sleep_lpcycles_2_us_sel_func         0x2000094b   Thumb Code    10  arch_system.o(.text)
    uart_flow_off_func                       0x20000955   Thumb Code    58  arch_system.o(.text)
    init_rand_seed_from_trng                 0x2000098f   Thumb Code    16  arch_system.o(.text)
    check_sys_startup_period                 0x2000099f   Thumb Code    90  arch_system.o(.text)
    app_use_lower_clocks_check               0x200009f9   Thumb Code     4  arch_system.o(.text)
    lld_sleep_init_func                      0x200009fd   Thumb Code    26  arch_system.o(.text)
    system_init                              0x20000a17   Thumb Code   178  arch_system.o(.text)
    wrap_platform_reset                      0x20000ac9   Thumb Code    16  arch_system.o(.text)
    patch_llm_task                           0x20000ba3   Thumb Code    36  arch_patch.o(.text)
    SVC_Handler_c                            0x20000bdd   Thumb Code    24  arch_patch.o(.text)
    patch_func                               0x20000bf5   Thumb Code    98  arch_patch.o(.text)
    l2cc_pdu_recv_ind_handler                0x20000cb1   Thumb Code   232  atts_task.obj(.text)
    my_llc_con_update_req_ind                0x20000d9d   Thumb Code   100  ch_map.obj(.text)
    my_llc_ch_map_req_ind                    0x20000e01   Thumb Code    84  ch_map.obj(.text)
    patched_gapm_adv_op_sanity               0x20000e61   Thumb Code   208  gapm_util.obj(.text)
    ke_task_init_func                        0x20001073   Thumb Code    20  ke_task.obj(.text)
    smpc_send_pairing_req_ind                0x20001099   Thumb Code   190  smpc.obj(.text)
    smpc_check_pairing_feat                  0x20001157   Thumb Code    38  smpc.obj(.text)
    smpc_pairing_cfm_handler                 0x20001185   Thumb Code   528  smpc_task.obj(.text)
    my_llcp_con_up_req_handler               0x200013b7   Thumb Code    30  llc.obj(.text)
    patch_llc_task                           0x2000143f   Thumb Code    36  llc.obj(.text)
    syscntl_use_lowest_amba_clocks           0x20001479   Thumb Code    22  syscntl.o(.text)
    syscntl_use_highest_amba_clocks          0x2000148f   Thumb Code    22  syscntl.o(.text)
    GPIO_init                                0x200014a5   Thumb Code   140  gpio.o(.text)
    GPIO_SetPinFunction                      0x20001531   Thumb Code    66  gpio.o(.text)
    GPIO_SetInactive                         0x20001573   Thumb Code    60  gpio.o(.text)
    GPIO_SetActive                           0x200015af   Thumb Code    60  gpio.o(.text)
    GPIO_ConfigurePin                        0x200015eb   Thumb Code    80  gpio.o(.text)
    GPIO_EnableIRQ                           0x2000163b   Thumb Code   260  gpio.o(.text)
    GPIO_ResetIRQ                            0x2000173f   Thumb Code    32  gpio.o(.text)
    GPIO_RegisterCallback                    0x2000175f   Thumb Code    22  gpio.o(.text)
    GPIOn_Handler                            0x20001775   Thumb Code    50  gpio.o(.text)
    GPIO0_Handler                            0x200017a7   Thumb Code     4  gpio.o(.text)
    GPIO1_Handler                            0x200017ab   Thumb Code     4  gpio.o(.text)
    GPIO2_Handler                            0x200017af   Thumb Code     4  gpio.o(.text)
    GPIO3_Handler                            0x200017b3   Thumb Code     4  gpio.o(.text)
    GPIO4_Handler                            0x200017b7   Thumb Code     4  gpio.o(.text)
    WKUP_QUADEC_Handler                      0x20001801   Thumb Code   106  wkupct_quadec.o(.text)
    batt_cal_cr2032                          0x20001879   Thumb Code   110  battery.o(.text)
    batt_cal_cr1225                          0x200018e7   Thumb Code    34  battery.o(.text)
    batt_cal_aaa                             0x20001909   Thumb Code    58  battery.o(.text)
    battery_get_lvl                          0x20001943   Thumb Code    78  battery.o(.text)
    adc_init                                 0x200019a5   Thumb Code    28  adc.o(.text)
    adc_enable_channel                       0x200019c1   Thumb Code    20  adc.o(.text)
    adc_get_sample                           0x200019d5   Thumb Code    30  adc.o(.text)
    adc_usDelay                              0x200019f3   Thumb Code    30  adc.o(.text)
    adc_get_vbat_sample                      0x20001a11   Thumb Code    86  adc.o(.text)
    adc_calibrate                            0x20001a67   Thumb Code    76  adc.o(.text)
    rfpt_init                                0x20001ac5   Thumb Code    76  trng.o(.text)
    trng_init                                0x20001b11   Thumb Code    96  trng.o(.text)
    trng_get_raw_data                        0x20001b71   Thumb Code    18  trng.o(.text)
    trng_acquire                             0x20001b83   Thumb Code   214  trng.o(.text)
    spi_flash_init                           0x20001c79   Thumb Code     8  spi_flash.o(.text)
    spi_flash_read_status_reg                0x20001c81   Thumb Code    20  spi_flash.o(.text)
    spi_flash_wait_till_ready                0x20001c95   Thumb Code    26  spi_flash.o(.text)
    spi_flash_set_write_enable               0x20001caf   Thumb Code    60  spi_flash.o(.text)
    spi_flash_read_data                      0x20001ceb   Thumb Code    86  spi_flash.o(.text)
    spi_flash_page_program                   0x20001d41   Thumb Code    90  spi_flash.o(.text)
    spi_flash_block_erase                    0x20001d9b   Thumb Code    40  spi_flash.o(.text)
    spi_read_flash_memory_man_and_dev_id     0x20001dc3   Thumb Code    52  spi_flash.o(.text)
    spi_flash_write_data                     0x20001df7   Thumb Code   110  spi_flash.o(.text)
    spi_cs_low                               0x20001e6d   Thumb Code    14  spi.o(.text)
    spi_cs_high                              0x20001e7b   Thumb Code    14  spi.o(.text)
    spi_init                                 0x20001e89   Thumb Code   138  spi.o(.text)
    spi_set_bitmode                          0x20001f13   Thumb Code    34  spi.o(.text)
    spi_release                              0x20001f35   Thumb Code    38  spi.o(.text)
    spi_access                               0x20001f5b   Thumb Code    46  spi.o(.text)
    spi_transaction                          0x20001f89   Thumb Code    24  spi.o(.text)
    i2c_eeprom_init                          0x20001fa9   Thumb Code    76  i2c_eeprom.o(.text)
    i2c_eeprom_release                       0x20001ff5   Thumb Code    20  i2c_eeprom.o(.text)
    i2c_wait_until_eeprom_ready              0x20002009   Thumb Code    42  i2c_eeprom.o(.text)
    i2c_send_address                         0x20002033   Thumb Code    66  i2c_eeprom.o(.text)
    i2c_eeprom_read_data                     0x200020d3   Thumb Code    68  i2c_eeprom.o(.text)
    i2c_eeprom_write_byte                    0x20002117   Thumb Code    44  i2c_eeprom.o(.text)
    i2c_eeprom_write_page                    0x20002143   Thumb Code   110  i2c_eeprom.o(.text)
    i2c_eeprom_write_data                    0x200021b1   Thumb Code    54  i2c_eeprom.o(.text)
    iq_trim_from_otp                         0x200021f1   Thumb Code    54  rf_580.o(.text)
    rf_reg_rd                                0x20002227   Thumb Code     4  rf_580.o(.text)
    rf_reg_wr                                0x2000222b   Thumb Code     2  rf_580.o(.text)
    rf_reset                                 0x2000222d   Thumb Code     2  rf_580.o(.text)
    rf_force_agc_enable                      0x2000222f   Thumb Code     2  rf_580.o(.text)
    rf_txpwr_dbm_get                         0x20002231   Thumb Code     4  rf_580.o(.text)
    rf_regs                                  0x20002245   Thumb Code   226  rf_580.o(.text)
    rf_init_func                             0x2000232b   Thumb Code   138  rf_580.o(.text)
    rf_reinit_func                           0x200023b5   Thumb Code   120  rf_580.o(.text)
    lld_sleep_compensate_func_patched        0x200024dd   Thumb Code    66  rwble.o(.text)
    skip_slave_latency_patch                 0x2000251f   Thumb Code   216  rwble.o(.text)
    power_up                                 0x200025f7   Thumb Code    76  rwble.o(.text)
    BLE_WAKEUP_LP_Handler                    0x20002643   Thumb Code   104  rwble.o(.text)
    BLE_SLP_Handler                          0x200026ab   Thumb Code   116  rwble.o(.text)
    BLE_CSCNT_Handler                        0x2000271f   Thumb Code    18  rwble.o(.text)
    BLE_FINETGTIM_Handler                    0x20002731   Thumb Code    18  rwble.o(.text)
    BLE_RX_Handler                           0x20002743   Thumb Code    14  rwble.o(.text)
    BLE_EVENT_Handler                        0x20002751   Thumb Code    64  rwble.o(.text)
    BLE_RF_DIAG_Handler                      0x20002791   Thumb Code    84  rwble.o(.text)
    bass_init                                0x20002839   Thumb Code    28  bass.o(.text)
    bass_batt_level_upd_cfm_send             0x20002855   Thumb Code    38  bass.o(.text)
    bass_disable                             0x2000287b   Thumb Code   114  bass.o(.text)
    diss_init                                0x20002c0d   Thumb Code    28  diss.o(.text)
    diss_compute_cfg_flag                    0x20002c29   Thumb Code    38  diss.o(.text)
    diss_check_val_len                       0x20002c4f   Thumb Code    42  diss.o(.text)
    diss_disable                             0x20002c79   Thumb Code    42  diss.o(.text)
    proxr_init                               0x20002dad   Thumb Code    28  proxr.o(.text)
    proxr_alert_start                        0x20002dc9   Thumb Code    34  proxr.o(.text)
    proxr_disable                            0x20002deb   Thumb Code    92  proxr.o(.text)
    prf_pack_char_pres_fmt                   0x20003009   Thumb Code    30  prf_utils.o(.text)
    prf_server_error_ind_send                0x20003027   Thumb Code    44  prf_utils.o(.text)
    prf_server_send_event                    0x20003053   Thumb Code    42  prf_utils.o(.text)
    prf_init_func                            0x2000307d   Thumb Code    20  prf_utils.o(.text)
    prf_cleanup_func                         0x20003091   Thumb Code    98  prf_utils.o(.text)
    spotar_init                              0x200030f9   Thumb Code    28  spotar.o(.text)
    spotar_disable                           0x20003115   Thumb Code    42  spotar.o(.text)
    default_advertise_operation              0x200035a9   Thumb Code     8  app_default_handlers.o(.text)
    default_app_on_init                      0x200035b1   Thumb Code    44  app_default_handlers.o(.text)
    default_app_on_connection                0x200035dd   Thumb Code    44  app_default_handlers.o(.text)
    default_app_on_disconnect                0x20003609   Thumb Code    16  app_default_handlers.o(.text)
    default_app_on_set_dev_config_complete   0x20003619   Thumb Code    16  app_default_handlers.o(.text)
    default_app_on_adv_undirect_complete     0x20003629   Thumb Code     2  app_default_handlers.o(.text)
    default_app_on_db_init_complete          0x2000362b   Thumb Code     8  app_default_handlers.o(.text)
    default_app_on_pairing_request           0x20003633   Thumb Code     8  app_default_handlers.o(.text)
    default_app_on_tk_exch_nomitm            0x2000363b   Thumb Code    28  app_default_handlers.o(.text)
    default_app_on_csrk_exch                 0x20003657   Thumb Code     8  app_default_handlers.o(.text)
    default_app_on_ltk_exch                  0x2000365f   Thumb Code    24  app_default_handlers.o(.text)
    default_app_on_encrypt_req_ind           0x20003677   Thumb Code    66  app_default_handlers.o(.text)
    app_prf_enable                           0x200036e5   Thumb Code    98  app.o(.text)
    app_easy_gap_advertise_stop              0x20003929   Thumb Code    26  app.o(.text)
    app_init                                 0x20003943   Thumb Code    80  app.o(.text)
    app_easy_gap_disconnect                  0x20003993   Thumb Code    50  app.o(.text)
    app_easy_gap_confirm                     0x200039c5   Thumb Code    36  app.o(.text)
    app_easy_gap_undirected_advertise_start  0x200039e9   Thumb Code    26  app.o(.text)
    app_timer_set                            0x20003a03   Thumb Code    24  app.o(.text)
    app_db_init_start                        0x20003a1b   Thumb Code    16  app.o(.text)
    app_db_init                              0x20003a2b   Thumb Code     2  app.o(.text)
    app_easy_gap_dev_configure               0x20003a2d   Thumb Code    18  app.o(.text)
    get_user_prf_srv_perm                    0x20003a3f   Thumb Code    34  app.o(.text)
    prf_init_srv_perm                        0x20003a61   Thumb Code    30  app.o(.text)
    app_gap_process_handler                  0x20003abd   Thumb Code    24  app_task.o(.text)
    gapm_device_ready_ind_handler            0x20003ad5   Thumb Code    36  app_task.o(.text)
    gapm_cmp_evt_handler                     0x20003af9   Thumb Code    60  app_task.o(.text)
    gapc_connection_req_ind_handler          0x20003b35   Thumb Code   104  app_task.o(.text)
    gapc_cmp_evt_handler                     0x20003b9d   Thumb Code    40  app_task.o(.text)
    gapc_disconnect_ind_handler              0x20003bc5   Thumb Code    32  app_task.o(.text)
    app_module_init_cmp_evt_handler          0x20003be5   Thumb Code    36  app_task.o(.text)
    gapm_adv_report_ind_handler              0x20003c09   Thumb Code     4  app_task.o(.text)
    app_sec_gen_tk                           0x20003c1d   Thumb Code    18  app_security.o(.text)
    app_sec_gen_ltk                          0x20003c2f   Thumb Code    80  app_security.o(.text)
    app_sec_process_handler                  0x20003c8d   Thumb Code    24  app_security_task.o(.text)
    gapc_bond_req_ind_handler                0x20003ca5   Thumb Code    58  app_security_task.o(.text)
    gapc_bond_ind_handler                    0x20003cdf   Thumb Code    82  app_security_task.o(.text)
    gapc_encrypt_req_ind_handler             0x20003d31   Thumb Code    12  app_security_task.o(.text)
    gapc_encrypt_ind_handler                 0x20003d3d   Thumb Code     4  app_security_task.o(.text)
    app_bass_create_db                       0x20003d4d   Thumb Code    30  app_bass.o(.text)
    app_batt_init                            0x20003d6b   Thumb Code    14  app_bass.o(.text)
    app_batt_config                          0x20003d79   Thumb Code    14  app_bass.o(.text)
    app_batt_poll_start                      0x20003d87   Thumb Code    18  app_bass.o(.text)
    app_bass_enable                          0x20003d99   Thumb Code    92  app_bass.o(.text)
    app_batt_alert_start                     0x20003df5   Thumb Code    38  app_bass.o(.text)
    app_batt_set_level                       0x20003e1b   Thumb Code    36  app_bass.o(.text)
    app_batt_lvl                             0x20003e3f   Thumb Code    42  app_bass.o(.text)
    app_batt_poll_stop                       0x20003e69   Thumb Code    12  app_bass.o(.text)
    app_bass_process_handler                 0x20003e89   Thumb Code    24  app_bass_task.o(.text)
    batt_create_db_cfm_handler               0x20003ea1   Thumb Code    28  app_bass_task.o(.text)
    batt_level_upd_cfm_handler               0x20003ebd   Thumb Code     4  app_bass_task.o(.text)
    batt_disable_handler                     0x20003ec1   Thumb Code    10  app_bass_task.o(.text)
    batt_level_ntf_cfg_ind_handler           0x20003ecb   Thumb Code     4  app_bass_task.o(.text)
    app_batt_timer_handler                   0x20003ecf   Thumb Code    24  app_bass_task.o(.text)
    app_batt_alert_timer_handler             0x20003ee7   Thumb Code    66  app_bass_task.o(.text)
    app_proxr_init                           0x20003f45   Thumb Code     8  app_proxr.o(.text)
    app_proxr_alert_stop                     0x20003f4d   Thumb Code    30  app_proxr.o(.text)
    app_proxr_enable                         0x20003f6b   Thumb Code    50  app_proxr.o(.text)
    app_proxr_alert_start                    0x20003f9d   Thumb Code    44  app_proxr.o(.text)
    app_proxr_create_db                      0x20003fc9   Thumb Code    24  app_proxr.o(.text)
    app_proxr_port_reinit                    0x20003fe1   Thumb Code    30  app_proxr.o(.text)
    default_proxr_alert_ind_hnd              0x20003fff   Thumb Code     8  app_proxr.o(.text)
    app_proxr_process_handler                0x20004015   Thumb Code    24  app_proxr_task.o(.text)
    proxr_create_db_cfm_handler              0x2000402d   Thumb Code    38  app_proxr_task.o(.text)
    proxr_disable_ind_handler                0x20004053   Thumb Code    10  app_proxr_task.o(.text)
    proxr_alert_ind_handler                  0x2000405d   Thumb Code    22  app_proxr_task.o(.text)
    app_proxr_timer_handler                  0x20004073   Thumb Code    50  app_proxr_task.o(.text)
    app_dis_init                             0x200040b1   Thumb Code     2  app_diss.o(.text)
    app_diss_create_db                       0x200040b3   Thumb Code    26  app_diss.o(.text)
    app_diss_enable                          0x200040cd   Thumb Code    40  app_diss.o(.text)
    app_dis_process_handler                  0x200040f9   Thumb Code    24  app_diss_task.o(.text)
    diss_create_db_cfm_handler               0x20004111   Thumb Code   292  app_diss_task.o(.text)
    diss_disable_ind_handler                 0x20004235   Thumb Code     4  app_diss_task.o(.text)
    app_spotar_init                          0x2000426d   Thumb Code    24  app_spotar.o(.text)
    app_spotar_reset                         0x20004285   Thumb Code    12  app_spotar.o(.text)
    app_spotar_create_db                     0x20004291   Thumb Code    24  app_spotar.o(.text)
    app_spotar_enable                        0x200042a9   Thumb Code    48  app_spotar.o(.text)
    spotar_send_status_update_req            0x200042d9   Thumb Code    36  app_spotar.o(.text)
    app_spotar_stop                          0x200042fd   Thumb Code    36  app_spotar.o(.text)
    app_spotar_i2c_config                    0x20004321   Thumb Code   186  app_spotar.o(.text)
    app_spi_flash_init                       0x200043db   Thumb Code    66  app_spotar.o(.text)
    app_spotar_spi_config                    0x2000441d   Thumb Code   356  app_spotar.o(.text)
    app_set_image_valid_flag                 0x20004581   Thumb Code    84  app_spotar.o(.text)
    app_spotar_start                         0x200045d5   Thumb Code    40  app_spotar.o(.text)
    app_spotar_read_mem                      0x200045fd   Thumb Code   236  app_spotar.o(.text)
    spotar_send_mem_info_update_req          0x200046e9   Thumb Code    26  app_spotar.o(.text)
    app_spotar_pd_hdlr                       0x20004703   Thumb Code   308  app_spotar.o(.text)
    app_erase_flash_sectors                  0x20004837   Thumb Code    58  app_spotar.o(.text)
    app_get_image_id                         0x20004871   Thumb Code    16  app_spotar.o(.text)
    app_find_old_img                         0x20004881   Thumb Code    36  app_spotar.o(.text)
    app_read_ext_mem                         0x200048a5   Thumb Code    22  app_spotar.o(.text)
    app_read_image_headers                   0x200048bb   Thumb Code   582  app_spotar.o(.text)
    app_spotar_img_hdlr                      0x20004b01   Thumb Code   230  app_spotar.o(.text)
    app_spota_process_handler                0x20004bf1   Thumb Code    24  app_spotar_task.o(.text)
    spotar_create_db_cfm_handler             0x20004c09   Thumb Code    38  app_spotar_task.o(.text)
    spotar_patch_data_ind_handler            0x20004c2f   Thumb Code   160  app_spotar_task.o(.text)
    spotar_patch_mem_dev_ind_handler         0x20004ccf   Thumb Code    26  app_spotar_task.o(.text)
    spotar_gpio_map_ind_handler              0x20004ce9   Thumb Code    58  app_spotar_task.o(.text)
    spotar_patch_len_ind_handler             0x20004d23   Thumb Code    74  app_spotar_task.o(.text)
    app_entry_point_handler                  0x20004d7d   Thumb Code    44  app_entry_point.o(.text)
    app_std_process_event                    0x20004da9   Thumb Code    64  app_entry_point.o(.text)
    app_easy_msg_set                         0x20004df1   Thumb Code    38  app_easy_msg_utils.o(.text)
    app_easy_msg_modify                      0x20004e17   Thumb Code    30  app_easy_msg_utils.o(.text)
    app_easy_wakeup_set                      0x20004e35   Thumb Code    30  app_easy_msg_utils.o(.text)
    app_easy_wakeup                          0x20004e53   Thumb Code    22  app_easy_msg_utils.o(.text)
    app_msg_utils_api_process_handler        0x20004e69   Thumb Code    52  app_easy_msg_utils.o(.text)
    app_timer_api_process_handler            0x20004ec1   Thumb Code   122  app_easy_timer.o(.text)
    app_easy_security_send_pairing_rsp       0x20004f8f   Thumb Code    26  app_easy_security.o(.text)
    app_easy_security_set_tk                 0x20004fe3   Thumb Code    50  app_easy_security.o(.text)
    app_easy_security_tk_exch                0x20005015   Thumb Code    28  app_easy_security.o(.text)
    app_easy_security_csrk_exch              0x2000506d   Thumb Code    28  app_easy_security.o(.text)
    app_easy_security_ltk_exch               0x200050bb   Thumb Code    28  app_easy_security.o(.text)
    app_easy_security_set_ltk_exch_from_sec_env 0x200050d7   Thumb Code    56  app_easy_security.o(.text)
    app_easy_security_encrypt_cfm            0x20005135   Thumb Code    28  app_easy_security.o(.text)
    app_easy_security_validate_encrypt_req_against_env 0x20005151   Thumb Code    52  app_easy_security.o(.text)
    app_easy_security_set_encrypt_req_valid  0x20005185   Thumb Code    38  app_easy_security.o(.text)
    app_easy_security_set_encrypt_req_invalid 0x200051ab   Thumb Code    18  app_easy_security.o(.text)
    button_callback                          0x200051cd   Thumb Code    12  user_periph_setup.o(.text)
    GPIO_reservations                        0x200051d9   Thumb Code   388  user_periph_setup.o(.text)
    set_pad_functions                        0x2000535d   Thumb Code    64  user_periph_setup.o(.text)
    periph_init                              0x2000539d   Thumb Code    58  user_periph_setup.o(.text)
    app_wakeup_cb                            0x200053e9   Thumb Code    18  user_proxr.o(.text)
    app_button_enable                        0x200053fb   Thumb Code    16  user_proxr.o(.text)
    app_button_press_cb                      0x2000540b   Thumb Code    60  user_proxr.o(.text)
    on_spotar_status_change                  0x20005447   Thumb Code     2  user_proxr.o(.text)
    app_advertise_complete                   0x20005449   Thumb Code    28  user_proxr.o(.text)
    GPIO2_INT_Handler                        0x20005471   Thumb Code    14  da14580_examples.o(.text)
    lid3dh_main                              0x2000547f   Thumb Code    26  da14580_examples.o(.text)
    Buzzer_test                              0x20005499   Thumb Code    26  da14580_examples.o(.text)
    LIS3DH_GetINT                            0x200054d5   Thumb Code    34  lis3dh_test.o(.text)
    spi_lis3dh_peripheral_init               0x200054f7   Thumb Code   108  lis3dh_test.o(.text)
    lis3dh_test                              0x20005563   Thumb Code     2  lis3dh_test.o(.text)
    lis3dh_set_pad_functions                 0x20005565   Thumb Code   170  peripherals.o(.text)
    lis3dh_periph_init                       0x2000560f   Thumb Code    88  peripherals.o(.text)
    uart_initialization                      0x2000566d   Thumb Code    50  uart.o(.text)
    uart_send_byte                           0x2000569f   Thumb Code    12  uart.o(.text)
    printf_string                            0x200056ab   Thumb Code    20  uart.o(.text)
    LIS3DH_ReadReg                           0x200056c5   Thumb Code    48  lis3dh_driver.o(.text)
    LIS3DH_WriteReg                          0x200056f5   Thumb Code    32  lis3dh_driver.o(.text)
    pwm0_user_callback_function              0x20005715   Thumb Code   100  pwm_test.o(.text)
    timer0_test                              0x20005779   Thumb Code   116  pwm_test.o(.text)
    timer0_init                              0x200058d1   Thumb Code    62  pwm.o(.text)
    timer0_set                               0x2000590f   Thumb Code    10  pwm.o(.text)
    timer0_enable_irq                        0x20005919   Thumb Code    10  pwm.o(.text)
    SWTIM_Handler                            0x20005923   Thumb Code    12  pwm.o(.text)
    set_sw_cursor                            0x20005945   Thumb Code    28  sw_cursor.o(.text)
    __scatterload                            0x20005961   Thumb Code    28  init.o(.text)
    __scatterload_rt2                        0x20005961   Thumb Code     0  init.o(.text)
    Long Thumb to Thumb Veneer to memcmp     0x20005985   Thumb Code    12  anon$$obj.o(Veneer$$Code)
    Long Thumb to Thumb Veneer to __aeabi_memcpy 0x20005991   Thumb Code    12  anon$$obj.o(Veneer$$Code)
    Long Thumb to Thumb Veneer to nvds_get_func 0x2000599d   Thumb Code    12  anon$$obj.o(Veneer$$Code)
    Long Thumb to Thumb Veneer to lld_sleep_check 0x200059a9   Thumb Code    12  anon$$obj.o(Veneer$$Code)
    Long Thumb to Thumb Veneer to rwip_prevent_sleep_get 0x200059b5   Thumb Code    12  anon$$obj.o(Veneer$$Code)
    Long Thumb to Thumb Veneer to ke_event_get 0x200059c1   Thumb Code    12  anon$$obj.o(Veneer$$Code)
    Long Thumb to Thumb Veneer to rwip_schedule 0x200059cd   Thumb Code    12  anon$$obj.o(Veneer$$Code)
    Long Thumb to Thumb Veneer to rwip_wakeup_delay_set 0x200059d9   Thumb Code    12  anon$$obj.o(Veneer$$Code)
    Long Thumb to Thumb Veneer to $Super$$get_rc16m_count_func 0x200059e5   Thumb Code    12  anon$$obj.o(Veneer$$Code)
    Long Thumb to Thumb Veneer to get_rc16m_count 0x200059f1   Thumb Code    12  anon$$obj.o(Veneer$$Code)
    Long Thumb to Thumb Veneer to pll_vcocal_LUT_InitUpdate 0x200059fd   Thumb Code    12  anon$$obj.o(Veneer$$Code)
    Long Thumb to Thumb Veneer to rf_calibration 0x20005a09   Thumb Code    12  anon$$obj.o(Veneer$$Code)
    Long Thumb to Thumb Veneer to lld_sleep_us_2_lpcycles_func 0x20005a15   Thumb Code    12  anon$$obj.o(Veneer$$Code)
    Long Thumb to Thumb Veneer to lld_sleep_lpcycles_2_us_func 0x20005a21   Thumb Code    12  anon$$obj.o(Veneer$$Code)
    Long Thumb to Thumb Veneer to uart_flow_on 0x20005a2d   Thumb Code    12  anon$$obj.o(Veneer$$Code)
    Long Thumb to Thumb Veneer to srand      0x20005a39   Thumb Code    12  anon$$obj.o(Veneer$$Code)
    Long Thumb to Thumb Veneer to set_system_clocks 0x20005a45   Thumb Code    12  anon$$obj.o(Veneer$$Code)
    Long Thumb to Thumb Veneer to nvds_init  0x20005a51   Thumb Code    12  anon$$obj.o(Veneer$$Code)
    Long Thumb to Thumb Veneer to rwip_init  0x20005a5d   Thumb Code    12  anon$$obj.o(Veneer$$Code)
    Long Thumb to Thumb Veneer to enable_rf_diag_irq 0x20005a69   Thumb Code    12  anon$$obj.o(Veneer$$Code)
    Long Thumb to Thumb Veneer to platform_reset_func 0x20005a75   Thumb Code    12  anon$$obj.o(Veneer$$Code)
    Long Thumb to Thumb Veneer to ke_state_get 0x20005a81   Thumb Code    12  anon$$obj.o(Veneer$$Code)
    Long Thumb to Thumb Veneer to __ARM_common_switch8 0x20005a8d   Thumb Code    12  anon$$obj.o(Veneer$$Code)
    Long Thumb to Thumb Veneer to TASK_LLM_lld_data_ind_handler 0x20005a99   Thumb Code    12  anon$$obj.o(Veneer$$Code)
    Long Thumb to Thumb Veneer to co_buf_rx_free 0x20005aa5   Thumb Code    12  anon$$obj.o(Veneer$$Code)
    Long Thumb to Thumb Veneer to ke_timer_clear 0x20005ab1   Thumb Code    12  anon$$obj.o(Veneer$$Code)
    Long Thumb to Thumb Veneer to atts_send_cmd_cmp 0x20005abd   Thumb Code    12  anon$$obj.o(Veneer$$Code)
    Long Thumb to Thumb Veneer to ke_state_set 0x20005ac9   Thumb Code    12  anon$$obj.o(Veneer$$Code)
    Long Thumb to Thumb Veneer to atts_mtu_exc_resp 0x20005ad5   Thumb Code    12  anon$$obj.o(Veneer$$Code)
    Long Thumb to Thumb Veneer to atts_find_info_resp 0x20005ae1   Thumb Code    12  anon$$obj.o(Veneer$$Code)
    Long Thumb to Thumb Veneer to atts_find_by_type_resp 0x20005aed   Thumb Code    12  anon$$obj.o(Veneer$$Code)
    Long Thumb to Thumb Veneer to atts_read_by_type_resp 0x20005af9   Thumb Code    12  anon$$obj.o(Veneer$$Code)
    Long Thumb to Thumb Veneer to atts_read_by_grp_type_resp 0x20005b05   Thumb Code    12  anon$$obj.o(Veneer$$Code)
    Long Thumb to Thumb Veneer to atts_read_resp 0x20005b11   Thumb Code    12  anon$$obj.o(Veneer$$Code)
    Long Thumb to Thumb Veneer to atts_read_blob_resp 0x20005b1d   Thumb Code    12  anon$$obj.o(Veneer$$Code)
    Long Thumb to Thumb Veneer to atts_read_mult_resp 0x20005b29   Thumb Code    12  anon$$obj.o(Veneer$$Code)
    Long Thumb to Thumb Veneer to atts_write_no_resp 0x20005b35   Thumb Code    12  anon$$obj.o(Veneer$$Code)
    Long Thumb to Thumb Veneer to atts_write_resp 0x20005b41   Thumb Code    12  anon$$obj.o(Veneer$$Code)
    Long Thumb to Thumb Veneer to atts_signed_write_resp 0x20005b4d   Thumb Code    12  anon$$obj.o(Veneer$$Code)
    Long Thumb to Thumb Veneer to atts_prepare_write_resp 0x20005b59   Thumb Code    12  anon$$obj.o(Veneer$$Code)
    Long Thumb to Thumb Veneer to atts_execute_write_resp 0x20005b65   Thumb Code    12  anon$$obj.o(Veneer$$Code)
    Long Thumb to Thumb Veneer to lld_con_update_ind 0x20005b71   Thumb Code    12  anon$$obj.o(Veneer$$Code)
    Long Thumb to Thumb Veneer to __aeabi_uidivmod 0x20005b7d   Thumb Code    12  anon$$obj.o(Veneer$$Code)
    Long Thumb to Thumb Veneer to llc_util_dicon_procedure 0x20005b89   Thumb Code    12  anon$$obj.o(Veneer$$Code)
    Long Thumb to Thumb Veneer to lld_ch_map_ind 0x20005b95   Thumb Code    12  anon$$obj.o(Veneer$$Code)
    Long Thumb to Thumb Veneer to gapm_get_privacy_flag 0x20005ba1   Thumb Code    12  anon$$obj.o(Veneer$$Code)
    Long Thumb to Thumb Veneer to gapm_set_recon_addr 0x20005bad   Thumb Code    12  anon$$obj.o(Veneer$$Code)
    Long Thumb to Thumb Veneer to co_list_pop_front 0x20005bb9   Thumb Code    12  anon$$obj.o(Veneer$$Code)
    Long Thumb to Thumb Veneer to ke_task_handler_get 0x20005bc5   Thumb Code    12  anon$$obj.o(Veneer$$Code)
    Long Thumb to Thumb Veneer to ke_msg_free 0x20005bd1   Thumb Code    12  anon$$obj.o(Veneer$$Code)
    Long Thumb to Thumb Veneer to co_list_push_back 0x20005bdd   Thumb Code    12  anon$$obj.o(Veneer$$Code)
    Long Thumb to Thumb Veneer to ke_event_clear 0x20005be9   Thumb Code    12  anon$$obj.o(Veneer$$Code)
    Long Thumb to Thumb Veneer to __aeabi_memclr4 0x20005bf5   Thumb Code    12  anon$$obj.o(Veneer$$Code)
    Long Thumb to Thumb Veneer to ke_event_callback_set 0x20005c01   Thumb Code    12  anon$$obj.o(Veneer$$Code)
    Long Thumb to Thumb Veneer to ke_msg_alloc 0x20005c0d   Thumb Code    12  anon$$obj.o(Veneer$$Code)
    Long Thumb to Thumb Veneer to gapc_get_enc_keysize 0x20005c19   Thumb Code    12  anon$$obj.o(Veneer$$Code)
    Long Thumb to Thumb Veneer to gapc_get_role 0x20005c25   Thumb Code    12  anon$$obj.o(Veneer$$Code)
    Long Thumb to Thumb Veneer to ke_msg_send 0x20005c31   Thumb Code    12  anon$$obj.o(Veneer$$Code)
    Long Thumb to Thumb Veneer to smpc_generate_rand 0x20005c3d   Thumb Code    12  anon$$obj.o(Veneer$$Code)
    Long Thumb to Thumb Veneer to smpc_tkdp_send_continue 0x20005c49   Thumb Code    12  anon$$obj.o(Veneer$$Code)
    Long Thumb to Thumb Veneer to smpc_pdu_send 0x20005c55   Thumb Code    12  anon$$obj.o(Veneer$$Code)
    Long Thumb to Thumb Veneer to smpc_tkdp_rcp_start 0x20005c61   Thumb Code    12  anon$$obj.o(Veneer$$Code)
    Long Thumb to Thumb Veneer to smpc_pairing_end 0x20005c6d   Thumb Code    12  anon$$obj.o(Veneer$$Code)
    Long Thumb to Thumb Veneer to smpc_check_max_key_size 0x20005c79   Thumb Code    12  anon$$obj.o(Veneer$$Code)
    Long Thumb to Thumb Veneer to smpc_check_key_distrib 0x20005c85   Thumb Code    12  anon$$obj.o(Veneer$$Code)
    Long Thumb to Thumb Veneer to smpc_get_key_sec_prop 0x20005c91   Thumb Code    12  anon$$obj.o(Veneer$$Code)
    Long Thumb to Thumb Veneer to smpc_is_sec_mode_reached 0x20005c9d   Thumb Code    12  anon$$obj.o(Veneer$$Code)
    Long Thumb to Thumb Veneer to llc_le_con_update_cmd_handler 0x20005ca9   Thumb Code    12  anon$$obj.o(Veneer$$Code)
    Long Thumb to Thumb Veneer to llcp_con_up_req_handler 0x20005cb5   Thumb Code    12  anon$$obj.o(Veneer$$Code)
    Long Thumb to Thumb Veneer to lld_evt_int_extract 0x20005cc1   Thumb Code    12  anon$$obj.o(Veneer$$Code)
    Long Thumb to Thumb Veneer to ke_free    0x20005ccd   Thumb Code    12  anon$$obj.o(Veneer$$Code)
    Long Thumb to Thumb Veneer to lld_stop_ind_handler 0x20005cd9   Thumb Code    12  anon$$obj.o(Veneer$$Code)
    Long Thumb to Thumb Veneer to __aeabi_llsl 0x20005ce5   Thumb Code    12  anon$$obj.o(Veneer$$Code)
    Long Thumb to Thumb Veneer to __aeabi_idivmod 0x20005cf1   Thumb Code    12  anon$$obj.o(Veneer$$Code)
    Long Thumb to Thumb Veneer to IffCalibration 0x20005cfd   Thumb Code    12  anon$$obj.o(Veneer$$Code)
    Long Thumb to Thumb Veneer to DCoffsetCalibration 0x20005d09   Thumb Code    12  anon$$obj.o(Veneer$$Code)
    Long Thumb to Thumb Veneer to ble_regs_pop 0x20005d15   Thumb Code    12  anon$$obj.o(Veneer$$Code)
    Long Thumb to Thumb Veneer to rwip_wakeup 0x20005d21   Thumb Code    12  anon$$obj.o(Veneer$$Code)
    Long Thumb to Thumb Veneer to rf_workaround_init 0x20005d2d   Thumb Code    12  anon$$obj.o(Veneer$$Code)
    Long Thumb to Thumb Veneer to rf_reinit  0x20005d39   Thumb Code    12  anon$$obj.o(Veneer$$Code)
    Long Thumb to Thumb Veneer to $Super$$BLE_CSCNT_Handler 0x20005d45   Thumb Code    12  anon$$obj.o(Veneer$$Code)
    Long Thumb to Thumb Veneer to lld_evt_rx_isr 0x20005d51   Thumb Code    12  anon$$obj.o(Veneer$$Code)
    Long Thumb to Thumb Veneer to lld_evt_end_isr 0x20005d5d   Thumb Code    12  anon$$obj.o(Veneer$$Code)
    Long Thumb to Thumb Veneer to set_rf_cal_cap 0x20005d69   Thumb Code    12  anon$$obj.o(Veneer$$Code)
    Long Thumb to Thumb Veneer to set_gauss_modgain 0x20005d75   Thumb Code    12  anon$$obj.o(Veneer$$Code)
    Long Thumb to Thumb Veneer to lld_evt_start_isr 0x20005d81   Thumb Code    12  anon$$obj.o(Veneer$$Code)
    Long Thumb to Thumb Veneer to __aeabi_memclr 0x20005d8d   Thumb Code    12  anon$$obj.o(Veneer$$Code)
    Long Thumb to Thumb Veneer to ke_task_create 0x20005d99   Thumb Code    12  anon$$obj.o(Veneer$$Code)
    Long Thumb to Thumb Veneer to gapc_get_conhdl 0x20005da5   Thumb Code    12  anon$$obj.o(Veneer$$Code)
    Long Thumb to Thumb Veneer to attmdb_att_get_value 0x20005db1   Thumb Code    12  anon$$obj.o(Veneer$$Code)
    Long Thumb to Thumb Veneer to attm_svc_create_db 0x20005dbd   Thumb Code    12  anon$$obj.o(Veneer$$Code)
    Long Thumb to Thumb Veneer to attmdb_svc_set_permission 0x20005dc9   Thumb Code    12  anon$$obj.o(Veneer$$Code)
    Long Thumb to Thumb Veneer to attmdb_att_partial_value_update 0x20005dd5   Thumb Code    12  anon$$obj.o(Veneer$$Code)
    Long Thumb to Thumb Veneer to attmdb_att_set_permission 0x20005de1   Thumb Code    12  anon$$obj.o(Veneer$$Code)
    Long Thumb to Thumb Veneer to gapc_get_conidx 0x20005ded   Thumb Code    12  anon$$obj.o(Veneer$$Code)
    Long Thumb to Thumb Veneer to attmdb_att_set_value 0x20005df9   Thumb Code    12  anon$$obj.o(Veneer$$Code)
    Long Thumb to Thumb Veneer to atts_write_rsp_send 0x20005e05   Thumb Code    12  anon$$obj.o(Veneer$$Code)
    Long Thumb to Thumb Veneer to gapc_send_disconect_ind 0x20005e11   Thumb Code    12  anon$$obj.o(Veneer$$Code)
    Long Thumb to Thumb Veneer to attmdb_add_service 0x20005e1d   Thumb Code    12  anon$$obj.o(Veneer$$Code)
    Long Thumb to Thumb Veneer to attmdb_add_attribute 0x20005e29   Thumb Code    12  anon$$obj.o(Veneer$$Code)
    Long Thumb to Thumb Veneer to nvds_get   0x20005e35   Thumb Code    12  anon$$obj.o(Veneer$$Code)
    Long Thumb to Thumb Veneer to ke_timer_set 0x20005e41   Thumb Code    12  anon$$obj.o(Veneer$$Code)
    Long Thumb to Thumb Veneer to rand       0x20005e4d   Thumb Code    12  anon$$obj.o(Veneer$$Code)
    Long Thumb to Thumb Veneer to get_patching_spota_length 0x20005e59   Thumb Code    12  anon$$obj.o(Veneer$$Code)
    Long Thumb to Thumb Veneer to platform_reset 0x20005e65   Thumb Code    12  anon$$obj.o(Veneer$$Code)
    Long Thumb to Thumb Veneer to __aeabi_memset 0x20005e71   Thumb Code    12  anon$$obj.o(Veneer$$Code)
    Long Thumb to Thumb Veneer to ke_msg_send_basic 0x20005e7d   Thumb Code    12  anon$$obj.o(Veneer$$Code)
    __scatterload_copy                       0x20005e89   Thumb Code    14  handlers.o(i.__scatterload_copy)
    __scatterload_null                       0x20005e97   Thumb Code     2  handlers.o(i.__scatterload_null)
    __scatterload_zeroinit                   0x20005e99   Thumb Code    14  handlers.o(i.__scatterload_zeroinit)
    free                                     0x20005ea9   Thumb Code    80  malloc.o(i.free)
    malloc                                   0x20005efd   Thumb Code    92  malloc.o(i.malloc)
    set_tmr_div                              0x20005f69   Thumb Code    18  pwm.o(i.set_tmr_div)
    set_tmr_enable                           0x20005f81   Thumb Code    18  pwm.o(i.set_tmr_enable)
    timer0_register_callback                 0x20005f99   Thumb Code     6  pwm.o(i.timer0_register_callback)
    timer0_set_pwm_high_counter              0x20005fa5   Thumb Code     6  pwm.o(i.timer0_set_pwm_high_counter)
    timer0_set_pwm_low_counter               0x20005fb1   Thumb Code     6  pwm.o(i.timer0_set_pwm_low_counter)
    timer0_set_pwm_on_counter                0x20005fbd   Thumb Code     6  pwm.o(i.timer0_set_pwm_on_counter)
    timer0_start                             0x20005fc9   Thumb Code    12  pwm.o(i.timer0_start)
    timer0_stop                              0x20005fd9   Thumb Code    12  pwm.o(i.timer0_stop)
    wkupct_register_callback                 0x20005fe9   Thumb Code     6  wkupct_quadec.o(i.wkupct_register_callback)
    LUT_CFG                                  0x20005ff4   Data          22  jump_table.o(.constdata)
    my_llc_state_handler                     0x200062b4   Data         176  llc.obj(.constdata)
    my_llc_default_handler                   0x20006364   Data           8  llc.obj(.constdata)
    TASK_DESC_LLC                            0x2000636c   Data          16  llc.obj(.constdata)
    bas_att_db                               0x20006384   Data          60  bass.o(.constdata)
    bas_svc                                  0x200063c0   Data           2  bass.o(.constdata)
    bas_batt_level_char                      0x200063c2   Data           5  bass.o(.constdata)
    bass_disabled                            0x200063d8   Data           8  bass_task.o(.constdata)
    bass_idle                                0x200063e0   Data           8  bass_task.o(.constdata)
    bass_connected                           0x200063e8   Data          24  bass_task.o(.constdata)
    bass_default_state                       0x20006400   Data           8  bass_task.o(.constdata)
    bass_state_handler                       0x20006408   Data          24  bass_task.o(.constdata)
    bass_default_handler                     0x20006420   Data           8  bass_task.o(.constdata)
    diss_att_db                              0x20006428   Data         228  diss.o(.constdata)
    diss_dis_svc                             0x2000650c   Data           2  diss.o(.constdata)
    diss_manufacturer_name_char              0x2000650e   Data           5  diss.o(.constdata)
    diss_model_nb_str_char                   0x20006513   Data           5  diss.o(.constdata)
    diss_serial_nb_str_char                  0x20006518   Data           5  diss.o(.constdata)
    diss_hard_rev_str_char                   0x2000651d   Data           5  diss.o(.constdata)
    diss_firm_rev_str_char                   0x20006522   Data           5  diss.o(.constdata)
    diss_sw_rev_str_char                     0x20006527   Data           5  diss.o(.constdata)
    diss_system_id_char                      0x2000652c   Data           5  diss.o(.constdata)
    diss_ieee_char                           0x20006531   Data           5  diss.o(.constdata)
    diss_pnp_id_char                         0x20006536   Data           5  diss.o(.constdata)
    diss_disabled                            0x2000654c   Data           8  diss_task.o(.constdata)
    diss_idle                                0x20006554   Data          16  diss_task.o(.constdata)
    diss_default_state                       0x20006564   Data           8  diss_task.o(.constdata)
    diss_state_handler                       0x2000656c   Data          24  diss_task.o(.constdata)
    diss_default_handler                     0x20006584   Data           8  diss_task.o(.constdata)
    proxr_lls_att_db                         0x2000658c   Data          36  proxr.o(.constdata)
    proxr_ias_att_db                         0x200065b0   Data          36  proxr.o(.constdata)
    proxr_txps_att_db                        0x200065d4   Data          36  proxr.o(.constdata)
    proxr_lls_svc                            0x200065f8   Data           2  proxr.o(.constdata)
    proxr_lls_alert_lvl_char                 0x200065fa   Data           5  proxr.o(.constdata)
    proxr_ias_svc                            0x20006600   Data           2  proxr.o(.constdata)
    proxr_ias_alert_lvl_char                 0x20006602   Data           5  proxr.o(.constdata)
    proxr_txps_svc                           0x20006608   Data           2  proxr.o(.constdata)
    proxr_txps_tx_power_lvl_char             0x2000660a   Data           5  proxr.o(.constdata)
    proxr_disabled                           0x20006620   Data           8  proxr_task.o(.constdata)
    proxr_idle                               0x20006628   Data           8  proxr_task.o(.constdata)
    proxr_connected                          0x20006630   Data           8  proxr_task.o(.constdata)
    proxr_default_state                      0x20006638   Data           8  proxr_task.o(.constdata)
    proxr_state_handler                      0x20006640   Data          24  proxr_task.o(.constdata)
    proxr_default_handler                    0x20006658   Data           8  proxr_task.o(.constdata)
    spotar_service                           0x20006660   Data           2  spotar.o(.constdata)
    spotar_patch_mem_dev_val                 0x20006662   Data          16  spotar.o(.constdata)
    spotar_gpio_map_val                      0x20006672   Data          16  spotar.o(.constdata)
    spotar_patch_mem_info_val                0x20006682   Data          16  spotar.o(.constdata)
    spotar_patch_len_val                     0x20006692   Data          16  spotar.o(.constdata)
    spotar_patch_data_val                    0x200066a2   Data          16  spotar.o(.constdata)
    spotar_patch_status_val                  0x200066b2   Data          16  spotar.o(.constdata)
    spotar_disabled                          0x200066d4   Data           8  spotar_task.o(.constdata)
    spotar_idle                              0x200066dc   Data           8  spotar_task.o(.constdata)
    spotar_active                            0x200066e4   Data          24  spotar_task.o(.constdata)
    spotar_default_state                     0x200066fc   Data           8  spotar_task.o(.constdata)
    spotar_state_handler                     0x20006704   Data          24  spotar_task.o(.constdata)
    spotar_default_handler                   0x2000671c   Data           8  spotar_task.o(.constdata)
    prf_funcs                                0x2000675c   Data          60  app.o(.constdata)
    app_default_state                        0x20006800   Data           8  app_task.o(.constdata)
    app_default_handler                      0x20006808   Data           8  app_task.o(.constdata)
    app_bass_process_handlers                0x20006830   Data          48  app_bass_task.o(.constdata)
    app_proxr_process_handlers               0x20006860   Data          32  app_proxr_task.o(.constdata)
    app_spota_process_handlers               0x20006890   Data          40  app_spotar_task.o(.constdata)
    app_process_handlers                     0x200068b8   Data          32  app_entry_point.o(.constdata)
    notes                                    0x20006900   Data          52  pwm_test.o(.constdata)
    Region$$Table$$Base                      0x2000697c   Number         0  anon$$obj.o(Region$$Table)
    Region$$Table$$Limit                     0x200069ac   Number         0  anon$$obj.o(Region$$Table)
    startup_sleep_delay                      0x200069ac   Data           4  arch_system.o(.data)
    spotar_patch_mem_dev_char                0x200069b0   Data          19  spotar.o(.data)
    spotar_gpio_map_char                     0x200069c3   Data          19  spotar.o(.data)
    spotar_patch_mem_info_char               0x200069d6   Data          19  spotar.o(.data)
    spotar_patch_len_char                    0x200069e9   Data          19  spotar.o(.data)
    spotar_patch_data_char                   0x200069fc   Data          19  spotar.o(.data)
    spotar_patch_status_char                 0x20006a0f   Data          19  spotar.o(.data)
    __microlib_freelist                      0x20006a24   Data           4  mvars.o(.data)
    __microlib_freelist_initialised          0x20006a28   Data           4  mvars.o(.data)
    GPIO_status                              0x20008000   Data           8  gpio.o(.bss)
    GPIO                                     0x20008008   Data         160  gpio.o(.bss)
    GPIOHandlerFunction                      0x200080a8   Data          20  gpio.o(.bss)
    __heap_base                              0x200080c0   Data           0  boot_vectors.o(HEAP)
    __heap_limit                             0x200081c0   Data           0  boot_vectors.o(HEAP)
    dev_bdaddr                               0x200081c0   Data           6  nvds.o(retention_mem_area0)
    sys_startup_flag                         0x200081c6   Data           1  arch_main.o(retention_mem_area0)
    sleep_md                                 0x200081c7   Data           1  arch_sleep.o(retention_mem_area0)
    sleep_pend                               0x200081c8   Data           1  arch_sleep.o(retention_mem_area0)
    sleep_cnt                                0x200081c9   Data           1  arch_sleep.o(retention_mem_area0)
    sleep_ext_force                          0x200081ca   Data           1  arch_sleep.o(retention_mem_area0)
    cal_enable                               0x200081cc   Data           1  arch_system.o(retention_mem_area0)
    force_rf_cal                             0x200081cd   Data           1  arch_system.o(retention_mem_area0)
    lp_clk_sel                               0x200081d0   Data           4  arch_system.o(retention_mem_area0)
    rcx_freq                                 0x200081d4   Data           4  arch_system.o(retention_mem_area0)
    rcx_period                               0x200081d8   Data           4  arch_system.o(retention_mem_area0)
    rcx_slot_duration                        0x200081dc   Data           4  arch_system.o(retention_mem_area0)
    alt_evts                                 0x200081e0   Data          24  llc.obj(retention_mem_area0)
    wkupct_quad_IRQ_status                   0x200081f8   Data           1  wkupct_quadec.o(retention_mem_area0)
    arch_rwble_last_event                    0x20008206   Data           1  rwble.o(retention_mem_area0)
    set_boost_low_vbat1v_overhead            0x20008207   Data           1  rwble.o(retention_mem_area0)
    fine_hit                                 0x20008208   Data           1  rwble.o(retention_mem_area0)
    clk_freq_trim_reg_value                  0x2000820a   Data           2  rwble.o(retention_mem_area0)
    wakeup_lp_comp                           0x2000820c   Data           2  rwble.o(retention_mem_area0)
    sleep_lp_cycles                          0x20008210   Data           4  rwip.o(retention_mem_area0)
    slp_period_retained                      0x20008214   Data           4  rwip.o(retention_mem_area0)
    bass_env                                 0x20008218   Data          14  bass.o(retention_mem_area0)
    bass_state                               0x20008226   Data           1  bass_task.o(retention_mem_area0)
    diss_env                                 0x20008228   Data          18  diss.o(retention_mem_area0)
    diss_state                               0x2000823a   Data           1  diss_task.o(retention_mem_area0)
    proxr_env                                0x2000823c   Data          12  proxr.o(retention_mem_area0)
    proxr_state                              0x20008248   Data           1  proxr_task.o(retention_mem_area0)
    spotar_env                               0x2000824a   Data           8  spotar.o(retention_mem_area0)
    spotar_state                             0x20008252   Data           1  spotar_task.o(retention_mem_area0)
    app_env                                  0x2000826c   Data          12  app.o(retention_mem_area0)
    app_prf_srv_perm                         0x20008278   Data          20  app.o(retention_mem_area0)
    app_state                                0x2000828c   Data           1  app_task.o(retention_mem_area0)
    app_sec_env                              0x2000828e   Data          36  app_security.o(retention_mem_area0)
    cur_batt_level                           0x200082b2   Data           1  app_bass.o(retention_mem_area0)
    batt_alert_en                            0x200082b3   Data           1  app_bass.o(retention_mem_area0)
    bat_led_state                            0x200082b4   Data           1  app_bass.o(retention_mem_area0)
    bat_lvl_alert_used                       0x200082b5   Data           1  app_bass.o(retention_mem_area0)
    bat_led_port                             0x200082b6   Data           1  app_bass.o(retention_mem_area0)
    bat_led_pin                              0x200082b7   Data           1  app_bass.o(retention_mem_area0)
    bat_poll_timeout                         0x200082b8   Data           2  app_bass.o(retention_mem_area0)
    alert_state                              0x200082bc   Data          12  app_proxr.o(retention_mem_area0)
    spota_state                              0x200082cc   Data          40  app_spotar.o(retention_mem_area0)
    rwip_heap_non_ret                        0x20008bf4   Data        1036  jump_table.o(heap_mem_area_not_ret)
    SystemCoreClock                          0x20009000   Data           0  rom_symdef.txt ABSOLUTE
    error                                    0x20009004   Data           0  rom_symdef.txt ABSOLUTE
    spi_flash_device_index                   0x20009020   Data           2  spi_flash.o(.bss)
    spi_flash_detected_device                0x20009024   Data           4  spi_flash.o(.bss)
    spi_flash_size                           0x20009028   Data           4  spi_flash.o(.bss)
    spi_flash_page_size                      0x2000902c   Data           4  spi_flash.o(.bss)
    spi_driver_cs_pad                        0x20009030   Data           2  spi.o(.bss)
    flag                                     0x20009034   Data           1  da14580_examples.o(.bss)
    timer2_has_started                       0x20009036   Data           1  pwm_test.o(.bss)
    timer0_test_expiration_counter           0x2000903a   Data           2  pwm_test.o(.bss)
    TIMER0_callback                          0x2000903c   Data           4  pwm.o(.bss)
    spota_new_pd                             0x20009040   Data          80  app_spotar.o(spotar_patch_area)
    spota_all_pd                             0x20009090   Data         256  app_spotar.o(spotar_patch_area)
    __initial_sp                             0x20009800   Data           0  boot_vectors.o(STACK)
    clk_per_reg                              0x50000004   Data           4  pwm.o(.ARM.__AT_0x50000004)
    timer0_ctrl_reg                          0x50003400   Data           4  pwm.o(.ARM.__AT_0x50003400)
    triple_pwm_ctrl_reg                      0x50003410   Data           4  pwm.o(.ARM.__AT_0x50003410)



==============================================================================

Memory Map of the image

  Image Entry point : 0x20000441

  Load Region LR_IROM1 (Base: 0x20000000, Size: 0x000000a0, Max: 0x00000160, ABSOLUTE)

    Execution Region ER_IROM1 (Base: 0x20000000, Size: 0x000000a0, Max: 0x00000160, ABSOLUTE)

    Base Addr    Size         Type   Attr      Idx    E Section Name        Object

    0x20000000   0x000000a0   Data   RO          210    RESET               boot_vectors.o



  Load Region LR_IROM2 (Base: 0x20000160, Size: 0x00000160, Max: 0x00000160, ABSOLUTE)

    Execution Region ER_IROM2 (Base: 0x20000160, Size: 0x00000160, Max: 0x00000160, ABSOLUTE)

    Base Addr    Size         Type   Attr      Idx    E Section Name        Object

    0x20000160   0x00000160   Data   RO          512    jump_table_mem_area  jump_table.o



  Load Region LR_IROM3 (Base: 0x200002c0, Size: 0x00000064, Max: 0x00000080, ABSOLUTE)

    Execution Region ER_IROM3 (Base: 0x200002c0, Size: 0x00000064, Max: 0x00000080, ABSOLUTE)

    Base Addr    Size         Type   Attr      Idx    E Section Name        Object

    0x200002c0   0x00000064   Data   RO         1422    timeout_table_area  gapm.o



  Load Region LR_IROM4 (Base: 0x20000340, Size: 0x000000a4, Max: 0x00000100, ABSOLUTE)

    Execution Region ER_IROM4 (Base: 0x20000340, Size: 0x000000a4, Max: 0x00000100, ABSOLUTE)

    Base Addr    Size         Type   Attr      Idx    E Section Name        Object

    0x20000340   0x000000a4   Data   RO          272    nvds_data_storage_area  nvds.o



  Load Region LR_IROM5 (Base: 0x20000440, Size: 0x000065ec, Max: 0x000093c0, ABSOLUTE)

    Execution Region ER_IROM5 (Base: 0x20000440, Size: 0x000065ec, Max: 0x00007ac0, ABSOLUTE)

    Base Addr    Size         Type   Attr      Idx    E Section Name        Object

    0x20000440   0x00000000   Code   RO         3109  * .ARM.Collect$$$$00000000  mc_p.l(entry.o)
    0x20000440   0x00000004   Code   RO         3138    .ARM.Collect$$$$00000001  mc_p.l(entry2.o)
    0x20000444   0x00000004   Code   RO         3141    .ARM.Collect$$$$00000004  mc_p.l(entry5.o)
    0x20000448   0x00000000   Code   RO         3143    .ARM.Collect$$$$00000008  mc_p.l(entry7b.o)
    0x20000448   0x00000000   Code   RO         3145    .ARM.Collect$$$$0000000A  mc_p.l(entry8b.o)
    0x20000448   0x00000008   Code   RO         3146    .ARM.Collect$$$$0000000B  mc_p.l(entry9a.o)
    0x20000450   0x00000000   Code   RO         3148    .ARM.Collect$$$$0000000D  mc_p.l(entry10a.o)
    0x20000450   0x00000000   Code   RO         3150    .ARM.Collect$$$$0000000F  mc_p.l(entry11a.o)
    0x20000450   0x00000004   Code   RO         3139    .ARM.Collect$$$$00002712  mc_p.l(entry2.o)
    0x20000454   0x0000004c   Code   RO            2    .text               system_armcm0.o
    0x200004a0   0x0000006c   Code   RO          211    .text               boot_vectors.o
    0x2000050c   0x00000060   Code   RO          216    .text               hardfault_handler.o
    0x2000056c   0x0000009c   Code   RO          238    .text               nmi_handler.o
    0x20000608   0x000000b8   Code   RO          271    .text               nvds.o
    0x200006c0   0x00000052   Code   RO          291    .text               arch_main.o
    0x20000712   0x00000002   Code   RO          506    .text               jump_table.o
    0x20000714   0x000000d4   Code   RO          606    .text               arch_sleep.o
    0x200007e8   0x00000340   Code   RO          646    .text               arch_system.o
    0x20000b28   0x00000188   Code   RO          765    .text               arch_patch.o
    0x20000cb0   0x000000ec   Code   RO          821    .text               atts_task.obj
    0x20000d9c   0x000000c4   Code   RO          823    .text               ch_map.obj
    0x20000e60   0x00000180   Code   RO          825    .text               gapm_util.obj
    0x20000fe0   0x000000b8   Code   RO          827    .text               ke_task.obj
    0x20001098   0x000000ec   Code   RO          829    .text               smpc.obj
    0x20001184   0x00000214   Code   RO          831    .text               smpc_task.obj
    0x20001398   0x000000e0   Code   RO          833    .text               llc.obj
    0x20001478   0x0000002c   Code   RO          842    .text               syscntl.o
    0x200014a4   0x0000035c   Code   RO          862    .text               gpio.o
    0x20001800   0x00000078   Code   RO          910    .text               wkupct_quadec.o
    0x20001878   0x0000012c   Code   RO         1012    .text               battery.o
    0x200019a4   0x00000120   Code   RO         1032    .text               adc.o
    0x20001ac4   0x000001b4   Code   RO         1053    .text               trng.o
    0x20001c78   0x000001f4   Code   RO         1066    .text               spi_flash.o
    0x20001e6c   0x0000013c   Code   RO         1167    .text               spi.o
    0x20001fa8   0x00000248   Code   RO         1192    .text               i2c_eeprom.o
    0x200021f0   0x000002ec   Code   RO         1212    .text               rf_580.o
    0x200024dc   0x0000035c   Code   RO         1258    .text               rwble.o
    0x20002838   0x000000c0   Code   RO         1456    .text               bass.o
    0x200028f8   0x00000314   Code   RO         1486    .text               bass_task.o
    0x20002c0c   0x000000a4   Code   RO         1523    .text               diss.o
    0x20002cb0   0x000000fc   Code   RO         1557    .text               diss_task.o
    0x20002dac   0x000000a8   Code   RO         1579    .text               proxr.o
    0x20002e54   0x000001b4   Code   RO         1611    .text               proxr_task.o
    0x20003008   0x000000f0   Code   RO         1634    .text               prf_utils.o
    0x200030f8   0x00000054   Code   RO         1661    .text               spotar.o
    0x2000314c   0x0000045c   Code   RO         1710    .text               spotar_task.o
    0x200035a8   0x0000011c   Code   RO         1733    .text               app_default_handlers.o
    0x200036c4   0x000003f8   Code   RO         1772    .text               app.o
    0x20003abc   0x00000160   Code   RO         1940    .text               app_task.o
    0x20003c1c   0x00000070   Code   RO         1971    .text               app_security.o
    0x20003c8c   0x000000c0   Code   RO         1995    .text               app_security_task.o
    0x20003d4c   0x0000013c   Code   RO         2010    .text               app_bass.o
    0x20003e88   0x000000bc   Code   RO         2041    .text               app_bass_task.o
    0x20003f44   0x000000d0   Code   RO         2087    .text               app_proxr.o
    0x20004014   0x0000009c   Code   RO         2106    .text               app_proxr_task.o
    0x200040b0   0x00000048   Code   RO         2132    .text               app_diss.o
    0x200040f8   0x00000174   Code   RO         2150    .text               app_diss_task.o
    0x2000426c   0x00000984   Code   RO         2164    .text               app_spotar.o
    0x20004bf0   0x0000018c   Code   RO         2191    .text               app_spotar_task.o
    0x20004d7c   0x00000074   Code   RO         2216    .text               app_entry_point.o
    0x20004df0   0x000000cc   Code   RO         2253    .text               app_easy_msg_utils.o
    0x20004ebc   0x00000002   Code   RO         2278    .text               app_easy_timer.o
    0x20004ebe   0x00000002   PAD
    0x20004ec0   0x0000008c   Code   RO         2279    .text               app_easy_timer.o
    0x20004f4c   0x00000280   Code   RO         2327    .text               app_easy_security.o
    0x200051cc   0x0000021c   Code   RO         2417    .text               user_periph_setup.o
    0x200053e8   0x00000088   Code   RO         2438    .text               user_proxr.o
    0x20005470   0x00000064   Code   RO         2456    .text               da14580_examples.o
    0x200054d4   0x00000090   Code   RO         2550    .text               lis3dh_test.o
    0x20005564   0x00000108   Code   RO         2571    .text               peripherals.o
    0x2000566c   0x00000058   Code   RO         2583    .text               uart.o
    0x200056c4   0x00000050   Code   RO         2626    .text               lis3dh_driver.o
    0x20005714   0x000001bc   Code   RO         2930    .text               pwm_test.o
    0x200058d0   0x00000074   Code   RO         2952    .text               pwm.o
    0x20005944   0x0000001c   Code   RO         3097    .text               sw_cursor.o
    0x20005960   0x00000024   Code   RO         3154    .text               mc_p.l(init.o)
    0x20005984   0x0000000c   Ven    RO         3164    Veneer$$Code        anon$$obj.o
    0x20005990   0x0000000c   Ven    RO         3165    Veneer$$Code        anon$$obj.o
    0x2000599c   0x0000000c   Ven    RO         3166    Veneer$$Code        anon$$obj.o
    0x200059a8   0x0000000c   Ven    RO         3167    Veneer$$Code        anon$$obj.o
    0x200059b4   0x0000000c   Ven    RO         3168    Veneer$$Code        anon$$obj.o
    0x200059c0   0x0000000c   Ven    RO         3169    Veneer$$Code        anon$$obj.o
    0x200059cc   0x0000000c   Ven    RO         3170    Veneer$$Code        anon$$obj.o
    0x200059d8   0x0000000c   Ven    RO         3171    Veneer$$Code        anon$$obj.o
    0x200059e4   0x0000000c   Ven    RO         3172    Veneer$$Code        anon$$obj.o
    0x200059f0   0x0000000c   Ven    RO         3173    Veneer$$Code        anon$$obj.o
    0x200059fc   0x0000000c   Ven    RO         3174    Veneer$$Code        anon$$obj.o
    0x20005a08   0x0000000c   Ven    RO         3175    Veneer$$Code        anon$$obj.o
    0x20005a14   0x0000000c   Ven    RO         3176    Veneer$$Code        anon$$obj.o
    0x20005a20   0x0000000c   Ven    RO         3177    Veneer$$Code        anon$$obj.o
    0x20005a2c   0x0000000c   Ven    RO         3178    Veneer$$Code        anon$$obj.o
    0x20005a38   0x0000000c   Ven    RO         3179    Veneer$$Code        anon$$obj.o
    0x20005a44   0x0000000c   Ven    RO         3180    Veneer$$Code        anon$$obj.o
    0x20005a50   0x0000000c   Ven    RO         3181    Veneer$$Code        anon$$obj.o
    0x20005a5c   0x0000000c   Ven    RO         3182    Veneer$$Code        anon$$obj.o
    0x20005a68   0x0000000c   Ven    RO         3183    Veneer$$Code        anon$$obj.o
    0x20005a74   0x0000000c   Ven    RO         3184    Veneer$$Code        anon$$obj.o
    0x20005a80   0x0000000c   Ven    RO         3185    Veneer$$Code        anon$$obj.o
    0x20005a8c   0x0000000c   Ven    RO         3186    Veneer$$Code        anon$$obj.o
    0x20005a98   0x0000000c   Ven    RO         3187    Veneer$$Code        anon$$obj.o
    0x20005aa4   0x0000000c   Ven    RO         3188    Veneer$$Code        anon$$obj.o
    0x20005ab0   0x0000000c   Ven    RO         3189    Veneer$$Code        anon$$obj.o
    0x20005abc   0x0000000c   Ven    RO         3190    Veneer$$Code        anon$$obj.o
    0x20005ac8   0x0000000c   Ven    RO         3191    Veneer$$Code        anon$$obj.o
    0x20005ad4   0x0000000c   Ven    RO         3192    Veneer$$Code        anon$$obj.o
    0x20005ae0   0x0000000c   Ven    RO         3193    Veneer$$Code        anon$$obj.o
    0x20005aec   0x0000000c   Ven    RO         3194    Veneer$$Code        anon$$obj.o
    0x20005af8   0x0000000c   Ven    RO         3195    Veneer$$Code        anon$$obj.o
    0x20005b04   0x0000000c   Ven    RO         3196    Veneer$$Code        anon$$obj.o
    0x20005b10   0x0000000c   Ven    RO         3197    Veneer$$Code        anon$$obj.o
    0x20005b1c   0x0000000c   Ven    RO         3198    Veneer$$Code        anon$$obj.o
    0x20005b28   0x0000000c   Ven    RO         3199    Veneer$$Code        anon$$obj.o
    0x20005b34   0x0000000c   Ven    RO         3200    Veneer$$Code        anon$$obj.o
    0x20005b40   0x0000000c   Ven    RO         3201    Veneer$$Code        anon$$obj.o
    0x20005b4c   0x0000000c   Ven    RO         3202    Veneer$$Code        anon$$obj.o
    0x20005b58   0x0000000c   Ven    RO         3203    Veneer$$Code        anon$$obj.o
    0x20005b64   0x0000000c   Ven    RO         3204    Veneer$$Code        anon$$obj.o
    0x20005b70   0x0000000c   Ven    RO         3205    Veneer$$Code        anon$$obj.o
    0x20005b7c   0x0000000c   Ven    RO         3206    Veneer$$Code        anon$$obj.o
    0x20005b88   0x0000000c   Ven    RO         3207    Veneer$$Code        anon$$obj.o
    0x20005b94   0x0000000c   Ven    RO         3208    Veneer$$Code        anon$$obj.o
    0x20005ba0   0x0000000c   Ven    RO         3209    Veneer$$Code        anon$$obj.o
    0x20005bac   0x0000000c   Ven    RO         3210    Veneer$$Code        anon$$obj.o
    0x20005bb8   0x0000000c   Ven    RO         3211    Veneer$$Code        anon$$obj.o
    0x20005bc4   0x0000000c   Ven    RO         3212    Veneer$$Code        anon$$obj.o
    0x20005bd0   0x0000000c   Ven    RO         3213    Veneer$$Code        anon$$obj.o
    0x20005bdc   0x0000000c   Ven    RO         3214    Veneer$$Code        anon$$obj.o
    0x20005be8   0x0000000c   Ven    RO         3215    Veneer$$Code        anon$$obj.o
    0x20005bf4   0x0000000c   Ven    RO         3216    Veneer$$Code        anon$$obj.o
    0x20005c00   0x0000000c   Ven    RO         3217    Veneer$$Code        anon$$obj.o
    0x20005c0c   0x0000000c   Ven    RO         3218    Veneer$$Code        anon$$obj.o
    0x20005c18   0x0000000c   Ven    RO         3219    Veneer$$Code        anon$$obj.o
    0x20005c24   0x0000000c   Ven    RO         3220    Veneer$$Code        anon$$obj.o
    0x20005c30   0x0000000c   Ven    RO         3221    Veneer$$Code        anon$$obj.o
    0x20005c3c   0x0000000c   Ven    RO         3222    Veneer$$Code        anon$$obj.o
    0x20005c48   0x0000000c   Ven    RO         3223    Veneer$$Code        anon$$obj.o
    0x20005c54   0x0000000c   Ven    RO         3224    Veneer$$Code        anon$$obj.o
    0x20005c60   0x0000000c   Ven    RO         3225    Veneer$$Code        anon$$obj.o
    0x20005c6c   0x0000000c   Ven    RO         3226    Veneer$$Code        anon$$obj.o
    0x20005c78   0x0000000c   Ven    RO         3227    Veneer$$Code        anon$$obj.o
    0x20005c84   0x0000000c   Ven    RO         3228    Veneer$$Code        anon$$obj.o
    0x20005c90   0x0000000c   Ven    RO         3229    Veneer$$Code        anon$$obj.o
    0x20005c9c   0x0000000c   Ven    RO         3230    Veneer$$Code        anon$$obj.o
    0x20005ca8   0x0000000c   Ven    RO         3231    Veneer$$Code        anon$$obj.o
    0x20005cb4   0x0000000c   Ven    RO         3232    Veneer$$Code        anon$$obj.o
    0x20005cc0   0x0000000c   Ven    RO         3233    Veneer$$Code        anon$$obj.o
    0x20005ccc   0x0000000c   Ven    RO         3234    Veneer$$Code        anon$$obj.o
    0x20005cd8   0x0000000c   Ven    RO         3235    Veneer$$Code        anon$$obj.o
    0x20005ce4   0x0000000c   Ven    RO         3236    Veneer$$Code        anon$$obj.o
    0x20005cf0   0x0000000c   Ven    RO         3237    Veneer$$Code        anon$$obj.o
    0x20005cfc   0x0000000c   Ven    RO         3238    Veneer$$Code        anon$$obj.o
    0x20005d08   0x0000000c   Ven    RO         3239    Veneer$$Code        anon$$obj.o
    0x20005d14   0x0000000c   Ven    RO         3240    Veneer$$Code        anon$$obj.o
    0x20005d20   0x0000000c   Ven    RO         3241    Veneer$$Code        anon$$obj.o
    0x20005d2c   0x0000000c   Ven    RO         3242    Veneer$$Code        anon$$obj.o
    0x20005d38   0x0000000c   Ven    RO         3243    Veneer$$Code        anon$$obj.o
    0x20005d44   0x0000000c   Ven    RO         3244    Veneer$$Code        anon$$obj.o
    0x20005d50   0x0000000c   Ven    RO         3245    Veneer$$Code        anon$$obj.o
    0x20005d5c   0x0000000c   Ven    RO         3246    Veneer$$Code        anon$$obj.o
    0x20005d68   0x0000000c   Ven    RO         3247    Veneer$$Code        anon$$obj.o
    0x20005d74   0x0000000c   Ven    RO         3248    Veneer$$Code        anon$$obj.o
    0x20005d80   0x0000000c   Ven    RO         3249    Veneer$$Code        anon$$obj.o
    0x20005d8c   0x0000000c   Ven    RO         3250    Veneer$$Code        anon$$obj.o
    0x20005d98   0x0000000c   Ven    RO         3251    Veneer$$Code        anon$$obj.o
    0x20005da4   0x0000000c   Ven    RO         3252    Veneer$$Code        anon$$obj.o
    0x20005db0   0x0000000c   Ven    RO         3253    Veneer$$Code        anon$$obj.o
    0x20005dbc   0x0000000c   Ven    RO         3254    Veneer$$Code        anon$$obj.o
    0x20005dc8   0x0000000c   Ven    RO         3255    Veneer$$Code        anon$$obj.o
    0x20005dd4   0x0000000c   Ven    RO         3256    Veneer$$Code        anon$$obj.o
    0x20005de0   0x0000000c   Ven    RO         3257    Veneer$$Code        anon$$obj.o
    0x20005dec   0x0000000c   Ven    RO         3258    Veneer$$Code        anon$$obj.o
    0x20005df8   0x0000000c   Ven    RO         3259    Veneer$$Code        anon$$obj.o
    0x20005e04   0x0000000c   Ven    RO         3260    Veneer$$Code        anon$$obj.o
    0x20005e10   0x0000000c   Ven    RO         3261    Veneer$$Code        anon$$obj.o
    0x20005e1c   0x0000000c   Ven    RO         3262    Veneer$$Code        anon$$obj.o
    0x20005e28   0x0000000c   Ven    RO         3263    Veneer$$Code        anon$$obj.o
    0x20005e34   0x0000000c   Ven    RO         3264    Veneer$$Code        anon$$obj.o
    0x20005e40   0x0000000c   Ven    RO         3265    Veneer$$Code        anon$$obj.o
    0x20005e4c   0x0000000c   Ven    RO         3266    Veneer$$Code        anon$$obj.o
    0x20005e58   0x0000000c   Ven    RO         3267    Veneer$$Code        anon$$obj.o
    0x20005e64   0x0000000c   Ven    RO         3268    Veneer$$Code        anon$$obj.o
    0x20005e70   0x0000000c   Ven    RO         3269    Veneer$$Code        anon$$obj.o
    0x20005e7c   0x0000000c   Ven    RO         3270    Veneer$$Code        anon$$obj.o
    0x20005e88   0x0000000e   Code   RO         3158    i.__scatterload_copy  mc_p.l(handlers.o)
    0x20005e96   0x00000002   Code   RO         3159    i.__scatterload_null  mc_p.l(handlers.o)
    0x20005e98   0x0000000e   Code   RO         3160    i.__scatterload_zeroinit  mc_p.l(handlers.o)
    0x20005ea6   0x00000002   PAD
    0x20005ea8   0x00000054   Code   RO         3110    i.free              mc_p.l(malloc.o)
    0x20005efc   0x0000006c   Code   RO         3111    i.malloc            mc_p.l(malloc.o)
    0x20005f68   0x00000018   Code   RO         2985    i.set_tmr_div       pwm.o
    0x20005f80   0x00000018   Code   RO         2979    i.set_tmr_enable    pwm.o
    0x20005f98   0x0000000c   Code   RO         3026    i.timer0_register_callback  pwm.o
    0x20005fa4   0x0000000c   Code   RO         3014    i.timer0_set_pwm_high_counter  pwm.o
    0x20005fb0   0x0000000c   Code   RO         3020    i.timer0_set_pwm_low_counter  pwm.o
    0x20005fbc   0x0000000c   Code   RO         3008    i.timer0_set_pwm_on_counter  pwm.o
    0x20005fc8   0x00000010   Code   RO         2991    i.timer0_start      pwm.o
    0x20005fd8   0x00000010   Code   RO         2997    i.timer0_stop       pwm.o
    0x20005fe8   0x0000000c   Code   RO          975    i.wkupct_register_callback  wkupct_quadec.o
    0x20005ff4   0x00000016   Data   RO          507    .constdata          jump_table.o
    0x2000600a   0x00000002   PAD
    0x2000600c   0x00000130   Data   RO          766    .constdata          arch_patch.o
    0x2000613c   0x00000008   Data   RO          767    .constdata          arch_patch.o
    0x20006144   0x00000030   Data   RO          768    .constdata          arch_patch.o
    0x20006174   0x00000130   Data   RO          834    .constdata          llc.obj
    0x200062a4   0x00000010   Data   RO          835    .constdata          llc.obj
    0x200062b4   0x000000b0   Data   RO          836    .constdata          llc.obj
    0x20006364   0x00000008   Data   RO          837    .constdata          llc.obj
    0x2000636c   0x00000010   Data   RO          838    .constdata          llc.obj
    0x2000637c   0x00000008   Data   RO          868    .constdata          gpio.o
    0x20006384   0x0000003c   Data   RO         1457    .constdata          bass.o
    0x200063c0   0x00000002   Data   RO         1458    .constdata          bass.o
    0x200063c2   0x00000005   Data   RO         1459    .constdata          bass.o
    0x200063c7   0x00000001   PAD
    0x200063c8   0x00000010   Data   RO         1460    .constdata          bass.o
    0x200063d8   0x00000008   Data   RO         1487    .constdata          bass_task.o
    0x200063e0   0x00000008   Data   RO         1488    .constdata          bass_task.o
    0x200063e8   0x00000018   Data   RO         1489    .constdata          bass_task.o
    0x20006400   0x00000008   Data   RO         1490    .constdata          bass_task.o
    0x20006408   0x00000018   Data   RO         1491    .constdata          bass_task.o
    0x20006420   0x00000008   Data   RO         1492    .constdata          bass_task.o
    0x20006428   0x000000e4   Data   RO         1524    .constdata          diss.o
    0x2000650c   0x00000002   Data   RO         1525    .constdata          diss.o
    0x2000650e   0x00000005   Data   RO         1526    .constdata          diss.o
    0x20006513   0x00000005   Data   RO         1527    .constdata          diss.o
    0x20006518   0x00000005   Data   RO         1528    .constdata          diss.o
    0x2000651d   0x00000005   Data   RO         1529    .constdata          diss.o
    0x20006522   0x00000005   Data   RO         1530    .constdata          diss.o
    0x20006527   0x00000005   Data   RO         1531    .constdata          diss.o
    0x2000652c   0x00000005   Data   RO         1532    .constdata          diss.o
    0x20006531   0x00000005   Data   RO         1533    .constdata          diss.o
    0x20006536   0x00000005   Data   RO         1534    .constdata          diss.o
    0x2000653b   0x00000001   PAD
    0x2000653c   0x00000010   Data   RO         1535    .constdata          diss.o
    0x2000654c   0x00000008   Data   RO         1558    .constdata          diss_task.o
    0x20006554   0x00000010   Data   RO         1559    .constdata          diss_task.o
    0x20006564   0x00000008   Data   RO         1560    .constdata          diss_task.o
    0x2000656c   0x00000018   Data   RO         1561    .constdata          diss_task.o
    0x20006584   0x00000008   Data   RO         1562    .constdata          diss_task.o
    0x2000658c   0x00000024   Data   RO         1580    .constdata          proxr.o
    0x200065b0   0x00000024   Data   RO         1581    .constdata          proxr.o
    0x200065d4   0x00000024   Data   RO         1582    .constdata          proxr.o
    0x200065f8   0x00000002   Data   RO         1583    .constdata          proxr.o
    0x200065fa   0x00000005   Data   RO         1584    .constdata          proxr.o
    0x200065ff   0x00000001   PAD
    0x20006600   0x00000002   Data   RO         1585    .constdata          proxr.o
    0x20006602   0x00000005   Data   RO         1586    .constdata          proxr.o
    0x20006607   0x00000001   PAD
    0x20006608   0x00000002   Data   RO         1587    .constdata          proxr.o
    0x2000660a   0x00000005   Data   RO         1588    .constdata          proxr.o
    0x2000660f   0x00000001   PAD
    0x20006610   0x00000010   Data   RO         1589    .constdata          proxr.o
    0x20006620   0x00000008   Data   RO         1612    .constdata          proxr_task.o
    0x20006628   0x00000008   Data   RO         1613    .constdata          proxr_task.o
    0x20006630   0x00000008   Data   RO         1614    .constdata          proxr_task.o
    0x20006638   0x00000008   Data   RO         1615    .constdata          proxr_task.o
    0x20006640   0x00000018   Data   RO         1616    .constdata          proxr_task.o
    0x20006658   0x00000008   Data   RO         1617    .constdata          proxr_task.o
    0x20006660   0x00000002   Data   RO         1669    .constdata          spotar.o
    0x20006662   0x00000010   Data   RO         1670    .constdata          spotar.o
    0x20006672   0x00000010   Data   RO         1671    .constdata          spotar.o
    0x20006682   0x00000010   Data   RO         1672    .constdata          spotar.o
    0x20006692   0x00000010   Data   RO         1673    .constdata          spotar.o
    0x200066a2   0x00000010   Data   RO         1674    .constdata          spotar.o
    0x200066b2   0x00000010   Data   RO         1675    .constdata          spotar.o
    0x200066c2   0x00000002   PAD
    0x200066c4   0x00000010   Data   RO         1676    .constdata          spotar.o
    0x200066d4   0x00000008   Data   RO         1711    .constdata          spotar_task.o
    0x200066dc   0x00000008   Data   RO         1712    .constdata          spotar_task.o
    0x200066e4   0x00000018   Data   RO         1713    .constdata          spotar_task.o
    0x200066fc   0x00000008   Data   RO         1714    .constdata          spotar_task.o
    0x20006704   0x00000018   Data   RO         1715    .constdata          spotar_task.o
    0x2000671c   0x00000008   Data   RO         1716    .constdata          spotar_task.o
    0x20006724   0x000000a2   Data   RO         1796    .constdata          app.o
    0x200067c6   0x00000002   PAD
    0x200067c8   0x00000038   Data   RO         1942    .constdata          app_task.o
    0x20006800   0x00000008   Data   RO         1943    .constdata          app_task.o
    0x20006808   0x00000008   Data   RO         1944    .constdata          app_task.o
    0x20006810   0x00000020   Data   RO         1997    .constdata          app_security_task.o
    0x20006830   0x00000030   Data   RO         2043    .constdata          app_bass_task.o
    0x20006860   0x00000020   Data   RO         2108    .constdata          app_proxr_task.o
    0x20006880   0x00000010   Data   RO         2151    .constdata          app_diss_task.o
    0x20006890   0x00000028   Data   RO         2192    .constdata          app_spotar_task.o
    0x200068b8   0x00000020   Data   RO         2217    .constdata          app_entry_point.o
    0x200068d8   0x00000027   Data   RO         2336    .constdata          app_easy_security.o
    0x200068ff   0x00000001   PAD
    0x20006900   0x00000079   Data   RO         2933    .constdata          pwm_test.o
    0x20006979   0x00000003   PAD
    0x2000697c   0x00000030   Data   RO         3156    Region$$Table       anon$$obj.o
    0x200069ac   0x00000004   Data   RW          653    .data               arch_system.o
    0x200069b0   0x00000013   Data   RW         1677    .data               spotar.o
    0x200069c3   0x00000013   Data   RW         1678    .data               spotar.o
    0x200069d6   0x00000013   Data   RW         1679    .data               spotar.o
    0x200069e9   0x00000013   Data   RW         1680    .data               spotar.o
    0x200069fc   0x00000013   Data   RW         1681    .data               spotar.o
    0x20006a0f   0x00000013   Data   RW         1682    .data               spotar.o
    0x20006a22   0x00000002   PAD
    0x20006a24   0x00000004   Data   RW         3152    .data               mc_p.l(mvars.o)
    0x20006a28   0x00000004   Data   RW         3153    .data               mc_p.l(mvars.o)


    Execution Region RW_IRAM50 (Base: 0x20008000, Size: 0x0000034c, Max: 0x00000bf4, ABSOLUTE)

    Base Addr    Size         Type   Attr      Idx    E Section Name        Object

    0x20008000   0x000000bc   Zero   RW          867    .bss                gpio.o
    0x200080bc   0x00000004   PAD
    0x200080c0   0x00000100   Zero   RW          209    HEAP                boot_vectors.o
    0x200081c0   0x00000006   Zero   RW          273    retention_mem_area0  nvds.o
    0x200081c6   0x00000001   Zero   RW          294    retention_mem_area0  arch_main.o
    0x200081c7   0x00000004   Zero   RW          610    retention_mem_area0  arch_sleep.o
    0x200081cb   0x00000001   PAD
    0x200081cc   0x00000014   Zero   RW          654    retention_mem_area0  arch_system.o
    0x200081e0   0x00000018   Zero   RW          839    retention_mem_area0  llc.obj
    0x200081f8   0x0000000c   Zero   RW          916    retention_mem_area0  wkupct_quadec.o
    0x20008204   0x00000001   Zero   RW         1216    retention_mem_area0  rf_580.o
    0x20008205   0x00000001   PAD
    0x20008206   0x00000008   Zero   RW         1261    retention_mem_area0  rwble.o
    0x2000820e   0x00000002   PAD
    0x20008210   0x00000004   Zero   RW         1395    retention_mem_area0  rwip.o
    0x20008214   0x00000004   Zero   RW         1396    retention_mem_area0  rwip.o
    0x20008218   0x0000000e   Zero   RW         1461    retention_mem_area0  bass.o
    0x20008226   0x00000001   Zero   RW         1493    retention_mem_area0  bass_task.o
    0x20008227   0x00000001   PAD
    0x20008228   0x00000012   Zero   RW         1536    retention_mem_area0  diss.o
    0x2000823a   0x00000001   Zero   RW         1563    retention_mem_area0  diss_task.o
    0x2000823b   0x00000001   PAD
    0x2000823c   0x0000000c   Zero   RW         1590    retention_mem_area0  proxr.o
    0x20008248   0x00000001   Zero   RW         1618    retention_mem_area0  proxr_task.o
    0x20008249   0x00000001   PAD
    0x2000824a   0x00000008   Zero   RW         1683    retention_mem_area0  spotar.o
    0x20008252   0x00000001   Zero   RW         1717    retention_mem_area0  spotar_task.o
    0x20008253   0x00000001   PAD
    0x20008254   0x00000038   Zero   RW         1803    retention_mem_area0  app.o
    0x2000828c   0x00000001   Zero   RW         1945    retention_mem_area0  app_task.o
    0x2000828d   0x00000001   PAD
    0x2000828e   0x00000024   Zero   RW         1972    retention_mem_area0  app_security.o
    0x200082b2   0x0000000a   Zero   RW         2013    retention_mem_area0  app_bass.o
    0x200082bc   0x0000000c   Zero   RW         2088    retention_mem_area0  app_proxr.o
    0x200082c8   0x0000002c   Zero   RW         2167    retention_mem_area0  app_spotar.o
    0x200082f4   0x00000018   Zero   RW         2255    retention_mem_area0  app_easy_msg_utils.o
    0x2000830c   0x00000028   Zero   RW         2285    retention_mem_area0  app_easy_timer.o
    0x20008334   0x00000018   Zero   RW         2340    retention_mem_area0  app_easy_security.o


    Execution Region RW_IRAM51 (Base: 0x20008bf4, Size: 0x0000040c, Max: 0x0000040c, ABSOLUTE, UNINIT)

    Base Addr    Size         Type   Attr      Idx    E Section Name        Object

    0x20008bf4   0x0000040c   Zero   RW          510    heap_mem_area_not_ret  jump_table.o


    Execution Region RW_IRAM52 (Base: 0x20009000, Size: 0x00000020, Max: 0x00000020, ABSOLUTE, UNINIT)

    Base Addr    Size         Type   Attr      Idx    E Section Name        Object

    0x20009000   0x00000020   Zero   RW            1    RW_IRAM52.bss       anon$$obj.o


    Execution Region RW_IRAM53 (Base: 0x20009020, Size: 0x00000170, Max: 0x000001e0, ABSOLUTE)

    Base Addr    Size         Type   Attr      Idx    E Section Name        Object

    0x20009020   0x00000010   Zero   RW         1081    .bss                spi_flash.o
    0x20009030   0x00000002   Zero   RW         1169    .bss                spi.o
    0x20009032   0x00000002   Zero   RW         1194    .bss                i2c_eeprom.o
    0x20009034   0x00000001   Zero   RW         2464    .bss                da14580_examples.o
    0x20009035   0x00000001   PAD
    0x20009036   0x00000006   Zero   RW         2932    .bss                pwm_test.o
    0x2000903c   0x00000004   Zero   RW         2958    .bss                pwm.o
    0x20009040   0x00000150   Zero   RW         2168    spotar_patch_area   app_spotar.o


    Execution Region RW_IRAM54 (Base: 0x20009200, Size: 0x00000600, Max: 0x00000600, ABSOLUTE, UNINIT)

    Base Addr    Size         Type   Attr      Idx    E Section Name        Object

    0x20009200   0x00000600   Zero   RW          208    STACK               boot_vectors.o



  Load Region LR_RETENTION_RAM2 (Base: 0x00080768, Size: 0x00000000, Max: 0x00002898, ABSOLUTE)

    Execution Region ZI_RET20 (Base: 0x00080768, Size: 0x00000a8c, Max: 0x000022b8, ABSOLUTE, UNINIT)

    Base Addr    Size         Type   Attr      Idx    E Section Name        Object

    0x00080768   0x0000040c   Zero   RW          508    heap_db_area        jump_table.o
    0x00080b74   0x00000154   Zero   RW          509    heap_env_area       jump_table.o
    0x00080cc8   0x0000052c   Zero   RW          511    heap_msg_area       jump_table.o


    Execution Region ZI_RET21 (Base: 0x00082a20, Size: 0x000005e0, Max: 0x000005e0, ABSOLUTE)

    Base Addr    Size         Type   Attr      Idx    E Section Name        Object

    0x00082a20   0x000005de   Zero   RW          293    BLE_exchange_memory  arch_main.o



  Load Region LR$$.ARM.__AT_0x50000004 (Base: 0x50000004, Size: 0x00000000, Max: 0x00000004, ABSOLUTE)

    Execution Region ER$$.ARM.__AT_0x50000004 (Base: 0x50000004, Size: 0x00000004, Max: 0x00000004, ABSOLUTE, UNINIT)

    Base Addr    Size         Type   Attr      Idx    E Section Name        Object

    0x50000004   0x00000004   Zero   RW         2955    .ARM.__AT_0x50000004  pwm.o



  Load Region LR$$.ARM.__AT_0x50003400 (Base: 0x50003400, Size: 0x00000000, Max: 0x00000004, ABSOLUTE)

    Execution Region ER$$.ARM.__AT_0x50003400 (Base: 0x50003400, Size: 0x00000004, Max: 0x00000004, ABSOLUTE, UNINIT)

    Base Addr    Size         Type   Attr      Idx    E Section Name        Object

    0x50003400   0x00000004   Zero   RW         2956    .ARM.__AT_0x50003400  pwm.o



  Load Region LR$$.ARM.__AT_0x50003410 (Base: 0x50003410, Size: 0x00000000, Max: 0x00000004, ABSOLUTE)

    Execution Region ER$$.ARM.__AT_0x50003410 (Base: 0x50003410, Size: 0x00000004, Max: 0x00000004, ABSOLUTE, UNINIT)

    Base Addr    Size         Type   Attr      Idx    E Section Name        Object

    0x50003410   0x00000004   Zero   RW         2957    .ARM.__AT_0x50003410  pwm.o


==============================================================================

Image component sizes


      Code (inc. data)   RO Data    RW Data    ZI Data      Debug   Object Name

       288         18          0          0          0       2221   adc.o
      1016         26        162          0         56      20554   app.o
       316         20          0          0         10       3659   app_bass.o
       188         28         48          0          0       4696   app_bass_task.o
       284         12          0          0          0       4912   app_default_handlers.o
        72          4          0          0          0       1650   app_diss.o
       372         52         16          0          0       2802   app_diss_task.o
       204         12          0          0         24       3618   app_easy_msg_utils.o
       640         16         39          0         24      12862   app_easy_security.o
       142         18          0          0         40       3784   app_easy_timer.o
       116          8         32          0          0       2547   app_entry_point.o
       208         14          0          0         12       3751   app_proxr.o
       156         12         32          0          0       3027   app_proxr_task.o
       112         14          0          0         36       2911   app_security.o
       192         22         32          0          0       3124   app_security_task.o
      2436         68          0          0        380      11472   app_spotar.o
       396         16         40          0          0       3518   app_spotar_task.o
       352         16         72          0          1      11548   app_task.o
        82          0          0          0       1503      23396   arch_main.o
       392        100        360          0          0      14038   arch_patch.o
       212         16          0          0          4       4512   arch_sleep.o
       832         66          0          4         20      97485   arch_system.o
       236         18          0          0          0         72   atts_task.obj
       192         12         83          0         14       5137   bass.o
       788         16         80          0          1       7293   bass_task.o
       300         18          0          0          0       2725   battery.o
       108         22        160          0       1792        800   boot_vectors.o
       196         12          0          0          0        108   ch_map.obj
       100         34          0          0          1      11341   da14580_examples.o
       164         14        291          0         18       6185   diss.o
       252         12         64          0          1       4132   diss_task.o
         0          0        100          0          0       1344   gapm.o
       384         38          0          0          0        112   gapm_util.obj
       860         38          8          0        188      12212   gpio.o
        96         10          0          0          0       2516   hardfault_handler.o
       584         10          0          0          2       4773   i2c_eeprom.o
         2          0        374          0       3736       8679   jump_table.o
       184         18          0          0          0         96   ke_task.obj
        80          0          0          0          0       9309   lis3dh_driver.o
       144          0          0          0          0        947   lis3dh_test.o
       224         22        520          0         24        200   llc.obj
       156         16          0          0          0       7311   nmi_handler.o
       184         28        164          0          6       2340   nvds.o
       264          6          0          0          0        838   peripherals.o
       240          6          0          0          0       3128   prf_utils.o
       168         14        145          0         12       5095   proxr.o
       436         20         64          0          1       4542   proxr_task.o
       244         66          0          0         16       7953   pwm.o
       444        228        121          0          6       1924   pwm_test.o
       748        176          0          0          1      65585   rf_580.o
       860         70          0          0          8     116872   rwble.o
         0          0          0          0          8        418   rwip.o
       236          8          0          0          0        136   smpc.obj
       532          4          0          0          0         84   smpc_task.obj
       316          8          0          0          2       3811   spi.o
       500          8          0          0         16       7721   spi_flash.o
        84         14        114        114          8       7541   spotar.o
      1116         74         80          0          1       6150   spotar_task.o
        28          0          0          0          0        560   sw_cursor.o
        44          0          0          0          0        753   syscntl.o
        76         16          0          0          0     199795   system_armcm0.o
       436         32          0          0          0       2763   trng.o
        88          6          0          0          0       1537   uart.o
       540         18          0          0          0       1182   user_periph_setup.o
       136         12          0          0          0       2103   user_proxr.o
       132         20          0          0         12       7575   wkupct_quadec.o

    ----------------------------------------------------------------------
     23196       2130       3264        120       8032     777785   Object Totals
      1284        428         48          0         32          0   (incl. Generated)
         2          0         15          2         16          0   (incl. Padding)

    ----------------------------------------------------------------------

      Code (inc. data)   RO Data    RW Data    ZI Data      Debug   Library Member Name

         0          0          0          0          0          0   entry.o
         0          0          0          0          0          0   entry10a.o
         0          0          0          0          0          0   entry11a.o
         8          4          0          0          0          0   entry2.o
         4          0          0          0          0          0   entry5.o
         0          0          0          0          0          0   entry7b.o
         0          0          0          0          0          0   entry8b.o
         8          4          0          0          0          0   entry9a.o
        30          0          0          0          0          0   handlers.o
        36          8          0          0          0         68   init.o
       192         20          0          0          0        144   malloc.o
         0          0          0          8          0          0   mvars.o

    ----------------------------------------------------------------------
       280         36          0          8          0        212   Library Totals
         2          0          0          0          0          0   (incl. Padding)

    ----------------------------------------------------------------------

      Code (inc. data)   RO Data    RW Data    ZI Data      Debug   Library Name

       278         36          0          8          0        212   mc_p.l

    ----------------------------------------------------------------------
       280         36          0          8          0        212   Library Totals

    ----------------------------------------------------------------------

==============================================================================


      Code (inc. data)   RO Data    RW Data    ZI Data      Debug   

     23476       2166       3264        128       8032     773149   Grand Totals
     23476       2166       3264        128       8032     773149   ELF Image Totals
     23476       2166       3264        128          0          0   ROM Totals

==============================================================================

    Total RO  Size (Code + RO Data)                26740 (  26.11kB)
    Total RW  Size (RW Data + ZI Data)              8160 (   7.97kB)
    Total ROM Size (Code + RO Data + RW Data)      26868 (  26.24kB)

==============================================================================

